<html>
<body>
<pre>
<h1>µVision Build Log</h1>
<h2>Tool Versions:</h2>
IDE-Version: µVision V5.24.2.0
Copyright (C) 2017 ARM Ltd and ARM Germany GmbH. All rights reserved.
License Information: v se, gid, LIC=Y2BVE-5PIV5-346ST-RDM9E-9XMRE-B6UHS
 
Tool Versions:
Toolchain:       MDK-ARM Professional  Version: 5.24.1
Toolchain Path:  C:\Keil_v5\ARM\ARMCC\Bin
C Compiler:      Armcc.exe V5.06 update 5 (build 528)
Assembler:       Armasm.exe V5.06 update 5 (build 528)
Linker/Locator:  ArmLink.exe V5.06 update 5 (build 528)
Library Manager: ArmAr.exe V5.06 update 5 (build 528)
Hex Converter:   FromElf.exe V5.06 update 5 (build 528)
CPU DLL:         SARMCM3.DLL V5.24.1
Dialog DLL:      DCM.DLL V1.16.0.0
Target DLL:      CMSIS_AGDI.dll V1.28.3.0
Dialog DLL:      TCM.DLL V1.32.0.0
 
<h2>Project:</h2>
C:\Users\U3B6\Documents\keil\at32_project_0\project_0.uvprojx
Project File Date:  08/01/2022

<h2>Output:</h2>
*** Using Compiler 'V5.06 update 5 (build 528)', folder: 'C:\Keil_v5\ARM\ARMCC\Bin'
Rebuild target 'Target 1'
*** Scatter Error: no default 'Read/Write' range selected
compiling at32f421_scfg.c...
compiling at32f421_misc.c...
compiling at32f421_adc.c...
compiling at32f421_gpio.c...
compiling at32f421_debug.c...
compiling at32f421_ertc.c...
compiling main.c...
main.c(428): warning:  #1295-D: Deprecated declaration ms_10_work - give arg types
  void ms_10_work();
main.c(517): warning:  #1295-D: Deprecated declaration PIN_POWER_MEAS_SetHigh - give arg types
  void PIN_POWER_MEAS_SetHigh();
main.c(738): warning:  #188-D: enumerated type mixed with another type
      gpio_bits_write(
PIOA,
PIO_PINS_6,ff.bits.ALARM_ON);
main.c(739): warning:  #188-D: enumerated type mixed with another type
      gpio_bits_write(
PIOA,
PIO_PINS_2,ff.bits.RELE_CONTROL_ON);
main.c(740): warning:  #188-D: enumerated type mixed with another type
      gpio_bits_write(
PIOA,
PIO_PINS_0,ff.bits.RELE_POWER_ON);
main.c(741): warning:  #188-D: enumerated type mixed with another type
      gpio_bits_write(
PIOB,
PIO_PINS_1,ff.bits.LED_ON);
main.c(751): warning:  #188-D: enumerated type mixed with another type
    if(ff.bits.TONE_ON) gpio_bits_write(
PIOB,
PIO_PINS_0,!
PIOB ->odt_bit.odt0);
main.c: 7 warnings, 0 errors
compiling at32f421_crm.c...
assembling startup_at32f421.s...
compiling at32f421_wdt.c...
compiling system_at32f421.c...
compiling at32f421_tmr.c...
linking...
Program Size: Code=5928 RO-data=236 RW-data=100 ZI-data=1636  
FromELF: creating hex file...
".\Objects\project_0.axf" - 0 Error(s), 7 Warning(s).

<h2>Software Packages used:</h2>

Package Vendor: ARM
                http://www.keil.com/pack/ARM.CMSIS.5.9.0.pack
                ARM.CMSIS.5.9.0
                CMSIS (Common Microcontroller Software Interface Standard)
   * Component: CORE Version: 5.6.0

Package Vendor: ArteryTek
                
                ArteryTek.AT32F421_DFP.2.0.5
                ArteryTek AT32F421 Series Device Support,Drivers
   * Component: startup Version: 2.0.0
   * Component: wdt Version: 2.0.0
   * Component: tmr Version: 2.0.0
   * Component: scfg Version: 2.0.0
   * Component: misc Version: 2.0.0
   * Component: gpio Version: 2.0.0
   * Component: ertc Version: 2.0.0
   * Component: debug Version: 2.0.0
   * Component: crm Version: 2.0.0
   * Component: adc Version: 2.0.0
   * Component: at32f421_conf Version: 2.0.0

<h2>Collection of Component include folders:</h2>
  .\RTE\Device\-AT32F421K8T7
  .\RTE\_Target_1
  C:\Keil_v5\ARM\PACK\ARM\CMSIS\5.9.0\CMSIS\Core\Include
  C:\Keil_v5\ARM\PACK\ArteryTek\AT32F421_DFP\2.0.5\Device\Firmware\Peripherals\inc
  C:\Keil_v5\ARM\PACK\ArteryTek\AT32F421_DFP\2.0.5\Device\Include

<h2>Collection of Component Files used:</h2>

   * Component: ArteryTek::Device:startup:2.0.0
      Source file:   Device\Source\ARM\startup_at32f421.s
      Source file:   Device\Source\system_at32f421.c
      Include file:  Device\Include\at32f421.h

   * Component: ArteryTek::Device:at32f421_firmware_library:wdt:2.0.0
      Include file:  Device\Firmware\Peripherals\inc\at32f421_wdt.h
      Source file:   Device\Firmware\Peripherals\src\at32f421_wdt.c

   * Component: ArteryTek::Device:at32f421_firmware_library:tmr:2.0.0
      Include file:  Device\Firmware\Peripherals\inc\at32f421_tmr.h
      Source file:   Device\Firmware\Peripherals\src\at32f421_tmr.c

   * Component: ArteryTek::Device:at32f421_firmware_library:scfg:2.0.0
      Include file:  Device\Firmware\Peripherals\inc\at32f421_scfg.h
      Source file:   Device\Firmware\Peripherals\src\at32f421_scfg.c

   * Component: ArteryTek::Device:at32f421_firmware_library:misc:2.0.0
      Source file:   Device\Firmware\Peripherals\src\at32f421_misc.c
      Include file:  Device\Firmware\Peripherals\inc\at32f421_misc.h

   * Component: ArteryTek::Device:at32f421_firmware_library:gpio:2.0.0
      Include file:  Device\Firmware\Peripherals\inc\at32f421_gpio.h
      Source file:   Device\Firmware\Peripherals\src\at32f421_gpio.c

   * Component: ArteryTek::Device:at32f421_firmware_library:ertc:2.0.0
      Include file:  Device\Firmware\Peripherals\inc\at32f421_ertc.h
      Source file:   Device\Firmware\Peripherals\src\at32f421_ertc.c

   * Component: ArteryTek::Device:at32f421_firmware_library:debug:2.0.0
      Include file:  Device\Firmware\Peripherals\inc\at32f421_debug.h
      Source file:   Device\Firmware\Peripherals\src\at32f421_debug.c

   * Component: ArteryTek::Device:at32f421_firmware_library:crm:2.0.0
      Source file:   Device\Firmware\Peripherals\src\at32f421_crm.c
      Include file:  Device\Firmware\Peripherals\inc\at32f421_crm.h

   * Component: ArteryTek::Device:at32f421_firmware_library:adc:2.0.0
      Include file:  Device\Firmware\Peripherals\inc\at32f421_adc.h
      Source file:   Device\Firmware\Peripherals\src\at32f421_adc.c

   * Component: ArteryTek::Device:at32f421_conf:2.0.0
      Include file:  Device\Include\at32f421_conf.h

   * Component: ARM::CMSIS:CORE:5.6.0
Build Time Elapsed:  00:00:01
</pre>
</body>
</html>
