Component: ARM Compiler 5.06 update 5 (build 528) Tool: armlink [4d35e2]

==============================================================================

Section Cross References

    main.o(i.ADC1_CMP_IRQHandler) refers to at32f421_wdt.o(i.wdt_counter_reload) for wdt_counter_reload
    main.o(i.ADC1_CMP_IRQHandler) refers to at32f421_adc.o(i.adc_ordinary_conversion_data_get) for adc_ordinary_conversion_data_get
    main.o(i.ADC1_CMP_IRQHandler) refers to at32f421_gpio.o(i.gpio_input_data_bit_read) for gpio_input_data_bit_read
    main.o(i.ADC1_CMP_IRQHandler) refers to main.o(.data) for adc_result
    main.o(i.ADC_GetConversion) refers to main.o(.data) for adc_result
    main.o(i.PIN_ALARM_STATE_SetLow) refers to at32f421_gpio.o(i.gpio_bits_reset) for gpio_bits_reset
    main.o(i.PIN_FUN_STATE_GetValue) refers to main.o(.data) for fun_result
    main.o(i.PIN_JUMP_STATE_GetValue) refers to at32f421_gpio.o(i.gpio_input_data_bit_read) for gpio_input_data_bit_read
    main.o(i.PIN_LED_SetLow) refers to at32f421_gpio.o(i.gpio_bits_reset) for gpio_bits_reset
    main.o(i.PIN_POWER_MEAS_SetHigh) refers to at32f421_gpio.o(i.gpio_bits_set) for gpio_bits_set
    main.o(i.PIN_POWER_MEAS_SetLow) refers to at32f421_gpio.o(i.gpio_bits_reset) for gpio_bits_reset
    main.o(i.PIN_RELE_CONTROL_SetLow) refers to at32f421_gpio.o(i.gpio_bits_reset) for gpio_bits_reset
    main.o(i.PIN_RELE_POWER_SetLow) refers to at32f421_gpio.o(i.gpio_bits_reset) for gpio_bits_reset
    main.o(i.PIN_ZUMMER_SetLow) refers to at32f421_gpio.o(i.gpio_bits_reset) for gpio_bits_reset
    main.o(i.TMR6_GLOBAL_IRQHandler) refers to main.o(i.ms_tick) for ms_tick
    main.o(i.TMR6_GLOBAL_IRQHandler) refers to main.o(i.zummer_switch) for zummer_switch
    main.o(i.TMR6_GLOBAL_IRQHandler) refers to at32f421_tmr.o(i.tmr_period_value_set) for tmr_period_value_set
    main.o(i.TMR6_GLOBAL_IRQHandler) refers to main.o(.data) for i
    main.o(i.autorotation_work) refers to main.o(i.open) for open
    main.o(i.autorotation_work) refers to main.o(i.go_close_short) for go_close_short
    main.o(i.autorotation_work) refers to main.o(.data) for time_rotation
    main.o(i.beep_double) refers to main.o(i.beep_short) for beep_short
    main.o(i.beep_double) refers to main.o(i.beep_long) for beep_long
    main.o(i.beep_double) refers to main.o(.data) for ff
    main.o(i.beep_long) refers to main.o(i.start_tone) for start_tone
    main.o(i.beep_long) refers to main.o(.data) for beep_long_count
    main.o(i.beep_short) refers to main.o(i.start_tone) for start_tone
    main.o(i.beep_short) refers to main.o(.data) for beep_short_count
    main.o(i.clear_alarm) refers to main.o(.data) for ff
    main.o(i.close) refers to main.o(i.rele_off) for rele_off
    main.o(i.close) refers to main.o(i.go_close) for go_close
    main.o(i.close) refers to main.o(i.go_close_alt) for go_close_alt
    main.o(i.close) refers to main.o(.data) for ff
    main.o(i.fun_work) refers to main.o(i.open) for open
    main.o(i.fun_work) refers to main.o(i.close) for close
    main.o(i.fun_work) refers to main.o(.data) for ff
    main.o(i.get_fun) refers to main.o(i.PIN_POWER_MEAS_SetHigh) for PIN_POWER_MEAS_SetHigh
    main.o(i.get_fun) refers to at32f421_gpio.o(i.gpio_input_data_bit_read) for gpio_input_data_bit_read
    main.o(i.get_fun) refers to main.o(i.PIN_POWER_MEAS_SetLow) for PIN_POWER_MEAS_SetLow
    main.o(i.get_fun) refers to main.o(i.PIN_FUN_STATE_GetValue) for PIN_FUN_STATE_GetValue
    main.o(i.get_fun) refers to main.o(.data) for ff
    main.o(i.get_jump) refers to main.o(i.PIN_JUMP_STATE_GetValue) for PIN_JUMP_STATE_GetValue
    main.o(i.get_jump) refers to main.o(.data) for ff
    main.o(i.get_wsp) refers to main.o(i.ADC_GetConversion) for ADC_GetConversion
    main.o(i.get_wsp) refers to main.o(i.PIN_POWER_MEAS_SetLow) for PIN_POWER_MEAS_SetLow
    main.o(i.get_wsp) refers to main.o(i.start_alarm) for start_alarm
    main.o(i.get_wsp) refers to main.o(i.clear_alarm) for clear_alarm
    main.o(i.get_wsp) refers to main.o(.data) for ff
    main.o(i.go_close) refers to main.o(.data) for ff
    main.o(i.go_close_alt) refers to main.o(.data) for ff
    main.o(i.go_close_short) refers to main.o(.data) for ff
    main.o(i.go_open) refers to main.o(.data) for ff
    main.o(i.go_open_alt) refers to main.o(.data) for ff
    main.o(i.gpio_set) refers to at32f421_gpio.o(i.gpio_init) for gpio_init
    main.o(i.hardware_init) refers to at32f421_wdt.o(i.wdt_register_write_enable) for wdt_register_write_enable
    main.o(i.hardware_init) refers to at32f421_wdt.o(i.wdt_divider_set) for wdt_divider_set
    main.o(i.hardware_init) refers to at32f421_wdt.o(i.wdt_enable) for wdt_enable
    main.o(i.hardware_init) refers to at32f421_wdt.o(i.wdt_counter_reload) for wdt_counter_reload
    main.o(i.hardware_init) refers to at32f421_crm.o(i.crm_hick_sclk_frequency_select) for crm_hick_sclk_frequency_select
[...]
    at32f421_gpio.o(i.gpio_reset) refers to at32f421_crm.o(i.crm_periph_reset) for crm_periph_reset
    at32f421_scfg.o(i.scfg_reset) refers to at32f421_crm.o(i.crm_periph_reset) for crm_periph_reset
    at32f421_tmr.o(i.tmr_external_clock_mode1_config) refers to at32f421_tmr.o(i.tmr_external_clock_config) for tmr_external_clock_config
    at32f421_tmr.o(i.tmr_external_clock_mode2_config) refers to at32f421_tmr.o(i.tmr_external_clock_config) for tmr_external_clock_config
    at32f421_tmr.o(i.tmr_reset) refers to at32f421_crm.o(i.crm_periph_reset) for crm_periph_reset
    startup_at32f421.o(STACK) refers (Special) to heapauxi.o(.text) for __use_two_region_memory
    startup_at32f421.o(HEAP) refers (Special) to heapauxi.o(.text) for __use_two_region_memory
    startup_at32f421.o(RESET) refers (Special) to heapauxi.o(.text) for __use_two_region_memory
    startup_at32f421.o(RESET) refers to startup_at32f421.o(STACK) for __initial_sp
    startup_at32f421.o(RESET) refers to startup_at32f421.o(.text) for Reset_Handler
    startup_at32f421.o(RESET) refers to main.o(i.ADC1_CMP_IRQHandler) for ADC1_CMP_IRQHandler
    startup_at32f421.o(RESET) refers to main.o(i.TMR6_GLOBAL_IRQHandler) for TMR6_GLOBAL_IRQHandler
    startup_at32f421.o(.text) refers (Special) to heapauxi.o(.text) for __use_two_region_memory
    startup_at32f421.o(.text) refers to system_at32f421.o(i.SystemInit) for SystemInit
    startup_at32f421.o(.text) refers to __main.o(!!!main) for __main
    startup_at32f421.o(.text) refers to startup_at32f421.o(HEAP) for Heap_Mem
    startup_at32f421.o(.text) refers to startup_at32f421.o(STACK) for Stack_Mem
    system_at32f421.o(i.system_core_clock_update) refers to at32f421_crm.o(i.crm_sysclk_switch_status_get) for crm_sysclk_switch_status_get
    system_at32f421.o(i.system_core_clock_update) refers to lludivv7m.o(.text) for __aeabi_uldivmod
    system_at32f421.o(i.system_core_clock_update) refers to system_at32f421.o(.data) for system_core_clock
    system_at32f421.o(i.system_core_clock_update) refers to system_at32f421.o(.constdata) for sys_ahb_div_table
    __main.o(!!!main) refers to __rtentry.o(.ARM.Collect$$rtentry$$00000000) for __rt_entry
    __rtentry.o(.ARM.Collect$$rtentry$$00000000) refers (Special) to __rtentry2.o(.ARM.Collect$$rtentry$$0000000A) for __rt_entry_li
    __rtentry.o(.ARM.Collect$$rtentry$$00000000) refers (Special) to __rtentry2.o(.ARM.Collect$$rtentry$$0000000D) for __rt_entry_main
    __rtentry.o(.ARM.Collect$$rtentry$$00000000) refers (Special) to __rtentry2.o(.ARM.Collect$$rtentry$$0000000C) for __rt_entry_postli_1
    __rtentry.o(.ARM.Collect$$rtentry$$00000000) refers (Special) to __rtentry2.o(.ARM.Collect$$rtentry$$00000009) for __rt_entry_postsh_1
    __rtentry.o(.ARM.Collect$$rtentry$$00000000) refers (Special) to __rtentry2.o(.ARM.Collect$$rtentry$$00000002) for __rt_entry_presh_1
    __rtentry.o(.ARM.Collect$$rtentry$$00000000) refers (Special) to __rtentry4.o(.ARM.Collect$$rtentry$$00000004) for __rt_entry_sh
    aeabi_ldiv0_sigfpe.o(.text) refers to rt_div0.o(.text) for __rt_div0
    __rtentry2.o(.ARM.Collect$$rtentry$$00000008) refers to boardinit2.o(.text) for _platform_post_stackheap_init
    __rtentry2.o(.ARM.Collect$$rtentry$$0000000A) refers to libinit.o(.ARM.Collect$$libinit$$00000000) for __rt_lib_init
    __rtentry2.o(.ARM.Collect$$rtentry$$0000000B) refers to boardinit3.o(.text) for _platform_post_lib_init
    __rtentry2.o(.ARM.Collect$$rtentry$$0000000D) refers to main.o(i.main) for main
    __rtentry2.o(.ARM.Collect$$rtentry$$0000000D) refers to exit.o(.text) for exit
    __rtentry2.o(.ARM.exidx) refers to __rtentry2.o(.ARM.Collect$$rtentry$$00000001) for .ARM.Collect$$rtentry$$00000001
    __rtentry2.o(.ARM.exidx) refers to __rtentry2.o(.ARM.Collect$$rtentry$$00000008) for .ARM.Collect$$rtentry$$00000008
    __rtentry2.o(.ARM.exidx) refers to __rtentry2.o(.ARM.Collect$$rtentry$$0000000A) for .ARM.Collect$$rtentry$$0000000A
    __rtentry2.o(.ARM.exidx) refers to __rtentry2.o(.ARM.Collect$$rtentry$$0000000B) for .ARM.Collect$$rtentry$$0000000B
    __rtentry2.o(.ARM.exidx) refers to __rtentry2.o(.ARM.Collect$$rtentry$$0000000D) for .ARM.Collect$$rtentry$$0000000D
    __rtentry4.o(.ARM.Collect$$rtentry$$00000004) refers to sys_stackheap_outer.o(.text) for __user_setup_stackheap
    __rtentry4.o(.ARM.exidx) refers to __rtentry4.o(.ARM.Collect$$rtentry$$00000004) for .ARM.Collect$$rtentry$$00000004
    rt_div0.o(.text) refers to defsig_fpe_outer.o(.text) for __rt_SIGFPE
    sys_stackheap_outer.o(.text) refers to libspace.o(.text) for __user_perproc_libspace
    sys_stackheap_outer.o(.text) refers to startup_at32f421.o(.text) for __user_initial_stackheap
    exit.o(.text) refers to rtexit.o(.ARM.Collect$$rtexit$$00000000) for __rt_exit
    defsig_fpe_outer.o(.text) refers to defsig_fpe_inner.o(.text) for __rt_SIGFPE_inner
    defsig_fpe_outer.o(.text) refers to defsig_exit.o(.text) for __sig_exit
    defsig_fpe_formal.o(.text) refers to rt_raise.o(.text) for __rt_raise
    libinit.o(.ARM.Collect$$libinit$$00000000) refers (Special) to libinit2.o(.ARM.Collect$$libinit$$0000002E) for __rt_lib_init_alloca_1
    libinit.o(.ARM.Collect$$libinit$$00000000) refers (Special) to libinit2.o(.ARM.Collect$$libinit$$0000002C) for __rt_lib_init_argv_1
    libinit.o(.ARM.Collect$$libinit$$00000000) refers (Special) to libinit2.o(.ARM.Collect$$libinit$$0000001B) for __rt_lib_init_atexit_1
    libinit.o(.ARM.Collect$$libinit$$00000000) refers (Special) to libinit2.o(.ARM.Collect$$libinit$$00000021) for __rt_lib_init_clock_1
    libinit.o(.ARM.Collect$$libinit$$00000000) refers (Special) to libinit2.o(.ARM.Collect$$libinit$$00000032) for __rt_lib_init_cpp_1
    libinit.o(.ARM.Collect$$libinit$$00000000) refers (Special) to libinit2.o(.ARM.Collect$$libinit$$00000030) for __rt_lib_init_exceptions_1
    libinit.o(.ARM.Collect$$libinit$$00000000) refers (Special) to libinit2.o(.ARM.Collect$$libinit$$00000002) for __rt_lib_init_fp_1
    libinit.o(.ARM.Collect$$libinit$$00000000) refers (Special) to libinit2.o(.ARM.Collect$$libinit$$0000001F) for __rt_lib_init_fp_trap_1
    libinit.o(.ARM.Collect$$libinit$$00000000) refers (Special) to libinit2.o(.ARM.Collect$$libinit$$00000023) for __rt_lib_init_getenv_1
    libinit.o(.ARM.Collect$$libinit$$00000000) refers (Special) to libinit2.o(.ARM.Collect$$libinit$$0000000A) for __rt_lib_init_heap_1
    libinit.o(.ARM.Collect$$libinit$$00000000) refers (Special) to libinit2.o(.ARM.Collect$$libinit$$00000011) for __rt_lib_init_lc_collate_1
    libinit.o(.ARM.Collect$$libinit$$00000000) refers (Special) to libinit2.o(.ARM.Collect$$libinit$$00000013) for __rt_lib_init_lc_ctype_1
    libinit.o(.ARM.Collect$$libinit$$00000000) refers (Special) to libinit2.o(.ARM.Collect$$libinit$$00000015) for __rt_lib_init_lc_monetary_1
    libinit.o(.ARM.Collect$$libinit$$00000000) refers (Special) to libinit2.o(.ARM.Collect$$libinit$$00000017) for __rt_lib_init_lc_numeric_1
    libinit.o(.ARM.Collect$$libinit$$00000000) refers (Special) to libinit2.o(.ARM.Collect$$libinit$$00000019) for __rt_lib_init_lc_time_1
    libinit.o(.ARM.Collect$$libinit$$00000000) refers (Special) to libinit2.o(.ARM.Collect$$libinit$$00000004) for __rt_lib_init_preinit_1
    libinit.o(.ARM.Collect$$libinit$$00000000) refers (Special) to libinit2.o(.ARM.Collect$$libinit$$0000000E) for __rt_lib_init_rand_1
    libinit.o(.ARM.Collect$$libinit$$00000000) refers (Special) to libinit2.o(.ARM.Collect$$libinit$$00000033) for __rt_lib_init_return
    libinit.o(.ARM.Collect$$libinit$$00000000) refers (Special) to libinit2.o(.ARM.Collect$$libinit$$0000001D) for __rt_lib_init_signal_1
    libinit.o(.ARM.Collect$$libinit$$00000000) refers (Special) to libinit2.o(.ARM.Collect$$libinit$$00000025) for __rt_lib_init_stdio_1
    libinit.o(.ARM.Collect$$libinit$$00000000) refers (Special) to libinit2.o(.ARM.Collect$$libinit$$0000000C) for __rt_lib_init_user_alloc_1
    libspace.o(.text) refers to libspace.o(.bss) for __libspace_start
    rtexit.o(.ARM.Collect$$rtexit$$00000000) refers (Special) to rtexit2.o(.ARM.Collect$$rtexit$$00000004) for __rt_exit_exit
    rtexit.o(.ARM.Collect$$rtexit$$00000000) refers (Special) to rtexit2.o(.ARM.Collect$$rtexit$$00000003) for __rt_exit_ls
    rtexit.o(.ARM.Collect$$rtexit$$00000000) refers (Special) to rtexit2.o(.ARM.Collect$$rtexit$$00000002) for __rt_exit_prels_1
    rtexit.o(.ARM.exidx) refers (Special) to rtexit2.o(.ARM.Collect$$rtexit$$00000004) for __rt_exit_exit
    rtexit.o(.ARM.exidx) refers (Special) to rtexit2.o(.ARM.Collect$$rtexit$$00000003) for __rt_exit_ls
    rtexit.o(.ARM.exidx) refers (Special) to rtexit2.o(.ARM.Collect$$rtexit$$00000002) for __rt_exit_prels_1
    rtexit.o(.ARM.exidx) refers to rtexit.o(.ARM.Collect$$rtexit$$00000000) for .ARM.Collect$$rtexit$$00000000
    rt_raise.o(.text) refers to __raise.o(.text) for __raise
    rt_raise.o(.text) refers to sys_exit.o(.text) for _sys_exit
    defsig_exit.o(.text) refers to sys_exit.o(.text) for _sys_exit
    defsig_fpe_inner.o(.text) refers to defsig_general.o(.text) for __default_signal_display
    libinit2.o(.ARM.Collect$$libinit$$00000010) refers to libinit2.o(.ARM.Collect$$libinit$$0000000F) for .ARM.Collect$$libinit$$0000000F
    libinit2.o(.ARM.Collect$$libinit$$00000012) refers to libinit2.o(.ARM.Collect$$libinit$$0000000F) for .ARM.Collect$$libinit$$0000000F
    libinit2.o(.ARM.Collect$$libinit$$00000014) refers to libinit2.o(.ARM.Collect$$libinit$$0000000F) for .ARM.Collect$$libinit$$0000000F
    libinit2.o(.ARM.Collect$$libinit$$00000016) refers to libinit2.o(.ARM.Collect$$libinit$$0000000F) for .ARM.Collect$$libinit$$0000000F
    libinit2.o(.ARM.Collect$$libinit$$00000018) refers to libinit2.o(.ARM.Collect$$libinit$$0000000F) for .ARM.Collect$$libinit$$0000000F
    libinit2.o(.ARM.Collect$$libinit$$00000026) refers to argv_veneer.o(.emb_text) for __ARM_argv_veneer
    libinit2.o(.ARM.Collect$$libinit$$00000027) refers to argv_veneer.o(.emb_text) for __ARM_argv_veneer
    sys_exit.o(.text) refers (Special) to use_no_semi.o(.text) for __I$use$semihosting
    sys_exit.o(.text) refers (Special) to indicate_semi.o(.text) for __semihosting_library_function
    rtexit2.o(.ARM.Collect$$rtexit$$00000003) refers to libshutdown.o(.ARM.Collect$$libshutdown$$00000000) for __rt_lib_shutdown
    rtexit2.o(.ARM.Collect$$rtexit$$00000004) refers to sys_exit.o(.text) for _sys_exit
    rtexit2.o(.ARM.exidx) refers to rtexit2.o(.ARM.Collect$$rtexit$$00000001) for .ARM.Collect$$rtexit$$00000001
    rtexit2.o(.ARM.exidx) refers to rtexit2.o(.ARM.Collect$$rtexit$$00000003) for .ARM.Collect$$rtexit$$00000003
    rtexit2.o(.ARM.exidx) refers to rtexit2.o(.ARM.Collect$$rtexit$$00000004) for .ARM.Collect$$rtexit$$00000004
    __raise.o(.text) refers to defsig.o(CL$$defsig) for __default_signal_handler
    defsig_general.o(.text) refers to sys_wrch.o(.text) for _ttywrch
    argv_veneer.o(.emb_text) refers to no_argv.o(.text) for __ARM_get_argv
    sys_wrch.o(.text) refers (Special) to use_no_semi.o(.text) for __I$use$semihosting
    sys_wrch.o(.text) refers (Special) to indicate_semi.o(.text) for __semihosting_library_function
    defsig.o(CL$$defsig) refers to defsig_fpe_inner.o(.text) for __rt_SIGFPE_inner
    defsig.o(CL$$defsig) refers to defsig_rtmem_inner.o(.text) for __rt_SIGRTMEM_inner
    _get_argv_nomalloc.o(.text) refers (Special) to hrguard.o(.text) for __heap_region$guard
    _get_argv_nomalloc.o(.text) refers to defsig_rtmem_outer.o(.text) for __rt_SIGRTMEM
    _get_argv_nomalloc.o(.text) refers to sys_command.o(.text) for _sys_command_string
    libshutdown.o(.ARM.Collect$$libshutdown$$00000000) refers (Special) to libshutdown2.o(.ARM.Collect$$libshutdown$$00000002) for __rt_lib_shutdown_cpp_1
    libshutdown.o(.ARM.Collect$$libshutdown$$00000000) refers (Special) to libshutdown2.o(.ARM.Collect$$libshutdown$$00000007) for __rt_lib_shutdown_fp_trap_1
    libshutdown.o(.ARM.Collect$$libshutdown$$00000000) refers (Special) to libshutdown2.o(.ARM.Collect$$libshutdown$$0000000F) for __rt_lib_shutdown_heap_1
    libshutdown.o(.ARM.Collect$$libshutdown$$00000000) refers (Special) to libshutdown2.o(.ARM.Collect$$libshutdown$$00000010) for __rt_lib_shutdown_return
    libshutdown.o(.ARM.Collect$$libshutdown$$00000000) refers (Special) to libshutdown2.o(.ARM.Collect$$libshutdown$$0000000A) for __rt_lib_shutdown_signal_1
    libshutdown.o(.ARM.Collect$$libshutdown$$00000000) refers (Special) to libshutdown2.o(.ARM.Collect$$libshutdown$$00000004) for __rt_lib_shutdown_stdio_1
    libshutdown.o(.ARM.Collect$$libshutdown$$00000000) refers (Special) to libshutdown2.o(.ARM.Collect$$libshutdown$$0000000C) for __rt_lib_shutdown_user_alloc_1
    sys_command.o(.text) refers (Special) to use_no_semi.o(.text) for __I$use$semihosting
    sys_command.o(.text) refers (Special) to indicate_semi.o(.text) for __semihosting_library_function
    defsig_abrt_inner.o(.text) refers to defsig_general.o(.text) for __default_signal_display
    defsig_rtred_inner.o(.text) refers to defsig_general.o(.text) for __default_signal_display
    defsig_rtmem_inner.o(.text) refers to defsig_general.o(.text) for __default_signal_display
    defsig_rtmem_outer.o(.text) refers to defsig_rtmem_inner.o(.text) for __rt_SIGRTMEM_inner
    defsig_rtmem_outer.o(.text) refers to defsig_exit.o(.text) for __sig_exit
    defsig_rtmem_formal.o(.text) refers to rt_raise.o(.text) for __rt_raise
    defsig_stak_inner.o(.text) refers to defsig_general.o(.text) for __default_signal_display
    defsig_pvfn_inner.o(.text) refers to defsig_general.o(.text) for __default_signal_display
    defsig_cppl_inner.o(.text) refers to defsig_general.o(.text) for __default_signal_display
    defsig_segv_inner.o(.text) refers to defsig_general.o(.text) for __default_signal_display
    defsig_other.o(.text) refers to defsig_general.o(.text) for __default_signal_display


==============================================================================

Removing Unused input sections from the image.

    Removing main.o(.rev16_text), (4 bytes).
    Removing main.o(.revsh_text), (4 bytes).
    Removing main.o(.rrx_text), (6 bytes).
    Removing main.o(.constdata), (36 bytes).
    Removing at32f421_adc.o(.rev16_text), (4 bytes).
    Removing at32f421_adc.o(.revsh_text), (4 bytes).
    Removing at32f421_adc.o(.rrx_text), (6 bytes).
    Removing at32f421_adc.o(i.adc_calibration_init), (12 bytes).
    Removing at32f421_adc.o(i.adc_calibration_init_status_get), (18 bytes).
    Removing at32f421_adc.o(i.adc_calibration_start), (12 bytes).
    Removing at32f421_adc.o(i.adc_calibration_status_get), (18 bytes).
    Removing at32f421_adc.o(i.adc_dma_mode_enable), (10 bytes).
    Removing at32f421_adc.o(i.adc_flag_clear), (6 bytes).
    Removing at32f421_adc.o(i.adc_flag_get), (16 bytes).
    Removing at32f421_adc.o(i.adc_ordinary_part_count_set), (12 bytes).
    Removing at32f421_adc.o(i.adc_ordinary_part_mode_enable), (10 bytes).
    Removing at32f421_adc.o(i.adc_ordinary_software_trigger_enable), (10 bytes).
    Removing at32f421_adc.o(i.adc_ordinary_software_trigger_status_get), (18 bytes).
    Removing at32f421_adc.o(i.adc_preempt_auto_mode_enable), (10 bytes).
    Removing at32f421_adc.o(i.adc_preempt_channel_length_set), (12 bytes).
    Removing at32f421_adc.o(i.adc_preempt_channel_set), (290 bytes).
    Removing at32f421_adc.o(i.adc_preempt_conversion_data_get), (50 bytes).
    Removing at32f421_adc.o(i.adc_preempt_conversion_trigger_set), (52 bytes).
    Removing at32f421_adc.o(i.adc_preempt_offset_value_set), (62 bytes).
    Removing at32f421_adc.o(i.adc_preempt_part_mode_enable), (10 bytes).
    Removing at32f421_adc.o(i.adc_preempt_software_trigger_enable), (10 bytes).
    Removing at32f421_adc.o(i.adc_preempt_software_trigger_status_get), (18 bytes).
    Removing at32f421_adc.o(i.adc_reset), (36 bytes).
    Removing at32f421_adc.o(i.adc_tempersensor_vintrv_enable), (20 bytes).
    Removing at32f421_adc.o(i.adc_voltage_monitor_enable), (32 bytes).
    Removing at32f421_adc.o(i.adc_voltage_monitor_single_channel_select), (10 bytes).
    Removing at32f421_adc.o(i.adc_voltage_monitor_threshold_value_set), (18 bytes).
    Removing at32f421_crm.o(.rev16_text), (4 bytes).
    Removing at32f421_crm.o(.revsh_text), (4 bytes).
    Removing at32f421_crm.o(.rrx_text), (6 bytes).
    Removing at32f421_crm.o(i.crm_adc_clock_div_set), (32 bytes).
    Removing at32f421_crm.o(i.crm_apb1_div_set), (20 bytes).
    Removing at32f421_crm.o(i.crm_apb2_div_set), (20 bytes).
    Removing at32f421_crm.o(i.crm_auto_step_mode_enable), (40 bytes).
    Removing at32f421_crm.o(i.crm_battery_powered_domain_reset), (20 bytes).
    Removing at32f421_crm.o(i.crm_clkout_div_set), (20 bytes).
    Removing at32f421_crm.o(i.crm_clock_failure_detection_enable), (20 bytes).
    Removing at32f421_crm.o(i.crm_clock_out_set), (32 bytes).
    Removing at32f421_crm.o(i.crm_clocks_freq_get), (428 bytes).
    Removing at32f421_crm.o(i.crm_ertc_clock_enable), (20 bytes).
    Removing at32f421_crm.o(i.crm_ertc_clock_select), (20 bytes).
    Removing at32f421_crm.o(i.crm_flag_clear), (200 bytes).
    Removing at32f421_crm.o(i.crm_flag_get), (48 bytes).
    Removing at32f421_crm.o(i.crm_hext_bypass), (20 bytes).
    Removing at32f421_crm.o(i.crm_hext_stable_wait), (46 bytes).
    Removing at32f421_crm.o(i.crm_hick_clock_calibration_set), (40 bytes).
    Removing at32f421_crm.o(i.crm_hick_clock_trimming_set), (20 bytes).
    Removing at32f421_crm.o(i.crm_interrupt_enable), (32 bytes).
    Removing at32f421_crm.o(i.crm_lext_bypass), (20 bytes).
    Removing at32f421_crm.o(i.crm_periph_reset), (68 bytes).
    Removing at32f421_crm.o(i.crm_periph_sleep_mode_clock_enable), (68 bytes).
    Removing at32f421_crm.o(i.crm_pll_config), (264 bytes).
    Removing at32f421_crm.o(i.crm_pll_config2), (120 bytes).
    Removing at32f421_crm.o(i.crm_reset), (100 bytes).
    Removing at32f421_crm.o(i.crm_sysclk_switch), (20 bytes).
    Removing at32f421_crm.o(i.crm_sysclk_switch_status_get), (16 bytes).
    Removing at32f421_crm.o(.constdata), (40 bytes).
    Removing at32f421_debug.o(.rev16_text), (4 bytes).
    Removing at32f421_debug.o(.revsh_text), (4 bytes).
    Removing at32f421_debug.o(.rrx_text), (6 bytes).
    Removing at32f421_debug.o(i.debug_device_id_get), (12 bytes).
    Removing at32f421_debug.o(i.debug_periph_mode_set), (32 bytes).
    Removing at32f421_ertc.o(.rev16_text), (4 bytes).
    Removing at32f421_ertc.o(.revsh_text), (4 bytes).
    Removing at32f421_ertc.o(.rrx_text), (6 bytes).
    Removing at32f421_ertc.o(i.ertc_alarm_enable), (56 bytes).
    Removing at32f421_ertc.o(i.ertc_alarm_get), (108 bytes).
    Removing at32f421_ertc.o(i.ertc_alarm_mask_set), (36 bytes).
    Removing at32f421_ertc.o(i.ertc_alarm_set), (112 bytes).
    Removing at32f421_ertc.o(i.ertc_alarm_sub_second_get), (16 bytes).
    Removing at32f421_ertc.o(i.ertc_alarm_sub_second_set), (44 bytes).
    Removing at32f421_ertc.o(i.ertc_alarm_week_date_select), (36 bytes).
    Removing at32f421_ertc.o(i.ertc_bcd_to_num), (20 bytes).
    Removing at32f421_ertc.o(i.ertc_bpr_data_read), (28 bytes).
    Removing at32f421_ertc.o(i.ertc_bpr_data_write), (36 bytes).
    Removing at32f421_ertc.o(i.ertc_cal_output_enable), (32 bytes).
    Removing at32f421_ertc.o(i.ertc_cal_output_select), (32 bytes).
    Removing at32f421_ertc.o(i.ertc_calendar_get), (120 bytes).
    Removing at32f421_ertc.o(i.ertc_date_set), (120 bytes).
    Removing at32f421_ertc.o(i.ertc_daylight_bpr_get), (16 bytes).
    Removing at32f421_ertc.o(i.ertc_daylight_set), (68 bytes).
    Removing at32f421_ertc.o(i.ertc_direct_read_enable), (32 bytes).
    Removing at32f421_ertc.o(i.ertc_divider_set), (60 bytes).
    Removing at32f421_ertc.o(i.ertc_flag_clear), (40 bytes).
    Removing at32f421_ertc.o(i.ertc_flag_get), (24 bytes).
    Removing at32f421_ertc.o(i.ertc_hour_mode_set), (48 bytes).
    Removing at32f421_ertc.o(i.ertc_init_mode_enter), (64 bytes).
    Removing at32f421_ertc.o(i.ertc_init_mode_exit), (16 bytes).
    Removing at32f421_ertc.o(i.ertc_interrupt_enable), (92 bytes).
    Removing at32f421_ertc.o(i.ertc_interrupt_get), (48 bytes).
    Removing at32f421_ertc.o(i.ertc_num_to_bcd), (36 bytes).
    Removing at32f421_ertc.o(i.ertc_output_set), (60 bytes).
    Removing at32f421_ertc.o(i.ertc_refer_clock_detect_enable), (48 bytes).
    Removing at32f421_ertc.o(i.ertc_reset), (108 bytes).
    Removing at32f421_ertc.o(i.ertc_smooth_calibration_config), (112 bytes).
    Removing at32f421_ertc.o(i.ertc_sub_second_get), (20 bytes).
    Removing at32f421_ertc.o(i.ertc_tamper_detect_freq_set), (32 bytes).
    Removing at32f421_ertc.o(i.ertc_tamper_enable), (36 bytes).
    Removing at32f421_ertc.o(i.ertc_tamper_filter_set), (32 bytes).
    Removing at32f421_ertc.o(i.ertc_tamper_precharge_set), (32 bytes).
    Removing at32f421_ertc.o(i.ertc_tamper_pull_up_enable), (40 bytes).
    Removing at32f421_ertc.o(i.ertc_tamper_timestamp_enable), (32 bytes).
    Removing at32f421_ertc.o(i.ertc_tamper_valid_edge_set), (36 bytes).
    Removing at32f421_ertc.o(i.ertc_time_adjust), (92 bytes).
    Removing at32f421_ertc.o(i.ertc_time_set), (120 bytes).
    Removing at32f421_ertc.o(i.ertc_timestamp_enable), (32 bytes).
    Removing at32f421_ertc.o(i.ertc_timestamp_get), (108 bytes).
    Removing at32f421_ertc.o(i.ertc_timestamp_sub_second_get), (12 bytes).
    Removing at32f421_ertc.o(i.ertc_timestamp_valid_edge_set), (32 bytes).
    Removing at32f421_ertc.o(i.ertc_wait_flag), (38 bytes).
    Removing at32f421_ertc.o(i.ertc_wait_update), (64 bytes).
    Removing at32f421_ertc.o(i.ertc_write_protect_disable), (16 bytes).
    Removing at32f421_ertc.o(i.ertc_write_protect_enable), (12 bytes).
    Removing at32f421_gpio.o(.rev16_text), (4 bytes).
    Removing at32f421_gpio.o(.revsh_text), (4 bytes).
    Removing at32f421_gpio.o(.rrx_text), (6 bytes).
    Removing at32f421_gpio.o(i.gpio_default_para_init), (20 bytes).
    Removing at32f421_gpio.o(i.gpio_input_data_read), (8 bytes).
    Removing at32f421_gpio.o(i.gpio_output_data_bit_read), (18 bytes).
    Removing at32f421_gpio.o(i.gpio_output_data_read), (8 bytes).
    Removing at32f421_gpio.o(i.gpio_pin_mux_config), (66 bytes).
    Removing at32f421_gpio.o(i.gpio_pin_wp_config), (18 bytes).
    Removing at32f421_gpio.o(i.gpio_pins_huge_driven_config), (18 bytes).
    Removing at32f421_gpio.o(i.gpio_port_wirte), (4 bytes).
    Removing at32f421_gpio.o(i.gpio_reset), (128 bytes).
    Removing at32f421_misc.o(.rev16_text), (4 bytes).
    Removing at32f421_misc.o(.revsh_text), (4 bytes).
    Removing at32f421_misc.o(.rrx_text), (6 bytes).
    Removing at32f421_misc.o(i.nvic_irq_disable), (44 bytes).
    Removing at32f421_misc.o(i.nvic_lowpower_mode_config), (32 bytes).
    Removing at32f421_misc.o(i.nvic_priority_group_config), (40 bytes).
    Removing at32f421_misc.o(i.nvic_system_reset), (44 bytes).
    Removing at32f421_misc.o(i.nvic_vector_table_set), (20 bytes).
    Removing at32f421_misc.o(i.systick_clock_source_config), (40 bytes).
    Removing at32f421_scfg.o(.rev16_text), (4 bytes).
    Removing at32f421_scfg.o(.revsh_text), (4 bytes).
    Removing at32f421_scfg.o(.rrx_text), (6 bytes).
    Removing at32f421_scfg.o(i.scfg_adc_dma_channel_remap), (20 bytes).
    Removing at32f421_scfg.o(i.scfg_exint_line_config), (164 bytes).
    Removing at32f421_scfg.o(i.scfg_infrared_config), (28 bytes).
    Removing at32f421_scfg.o(i.scfg_mem_map_get), (16 bytes).
    Removing at32f421_scfg.o(i.scfg_pa11pa12_pin_remap), (20 bytes).
    Removing at32f421_scfg.o(i.scfg_reset), (24 bytes).
    Removing at32f421_scfg.o(i.scfg_tmr16_dma_channel_remap), (20 bytes).
    Removing at32f421_scfg.o(i.scfg_tmr17_dma_channel_remap), (20 bytes).
    Removing at32f421_scfg.o(i.scfg_usart1_rx_dma_channel_remap), (20 bytes).
    Removing at32f421_scfg.o(i.scfg_usart1_tx_dma_channel_remap), (20 bytes).
    Removing at32f421_tmr.o(.rev16_text), (4 bytes).
    Removing at32f421_tmr.o(.revsh_text), (4 bytes).
    Removing at32f421_tmr.o(.rrx_text), (6 bytes).
    Removing at32f421_tmr.o(i.tmr_brkdt_config), (72 bytes).
    Removing at32f421_tmr.o(i.tmr_brkdt_default_para_init), (18 bytes).
    Removing at32f421_tmr.o(i.tmr_channel1_input_select), (10 bytes).
    Removing at32f421_tmr.o(i.tmr_channel_dma_select), (10 bytes).
    Removing at32f421_tmr.o(i.tmr_channel_enable), (96 bytes).
    Removing at32f421_tmr.o(i.tmr_channel_value_get), (46 bytes).
    Removing at32f421_tmr.o(i.tmr_channel_value_set), (40 bytes).
    Removing at32f421_tmr.o(i.tmr_clock_source_div_set), (10 bytes).
    Removing at32f421_tmr.o(i.tmr_cnt_dir_set), (10 bytes).
    Removing at32f421_tmr.o(i.tmr_counter_value_get), (6 bytes).
    Removing at32f421_tmr.o(i.tmr_counter_value_set), (4 bytes).
    Removing at32f421_tmr.o(i.tmr_div_value_get), (6 bytes).
    Removing at32f421_tmr.o(i.tmr_div_value_set), (4 bytes).
    Removing at32f421_tmr.o(i.tmr_dma_control_config), (18 bytes).
    Removing at32f421_tmr.o(i.tmr_dma_request_enable), (22 bytes).
    Removing at32f421_tmr.o(i.tmr_encoder_mode_config), (70 bytes).
    Removing at32f421_tmr.o(i.tmr_event_sw_trigger), (8 bytes).
    Removing at32f421_tmr.o(i.tmr_external_clock_config), (28 bytes).
    Removing at32f421_tmr.o(i.tmr_external_clock_mode1_config), (44 bytes).
    Removing at32f421_tmr.o(i.tmr_external_clock_mode2_config), (36 bytes).
    Removing at32f421_tmr.o(i.tmr_flag_clear), (6 bytes).
    Removing at32f421_tmr.o(i.tmr_flag_get), (18 bytes).
    Removing at32f421_tmr.o(i.tmr_force_output_set), (66 bytes).
    Removing at32f421_tmr.o(i.tmr_hall_select), (10 bytes).
    Removing at32f421_tmr.o(i.tmr_input_channel_divider_set), (66 bytes).
    Removing at32f421_tmr.o(i.tmr_input_channel_filter_set), (66 bytes).
    Removing at32f421_tmr.o(i.tmr_input_channel_init), (270 bytes).
    Removing at32f421_tmr.o(i.tmr_input_default_para_init), (16 bytes).
    Removing at32f421_tmr.o(i.tmr_internal_clock_set), (10 bytes).
    Removing at32f421_tmr.o(i.tmr_interrupt_enable), (22 bytes).
    Removing at32f421_tmr.o(i.tmr_iremap_config), (10 bytes).
    Removing at32f421_tmr.o(i.tmr_one_cycle_mode_enable), (10 bytes).
    Removing at32f421_tmr.o(i.tmr_output_channel_buffer_enable), (66 bytes).
    Removing at32f421_tmr.o(i.tmr_output_channel_config), (236 bytes).
    Removing at32f421_tmr.o(i.tmr_output_channel_immediately_set), (66 bytes).
    Removing at32f421_tmr.o(i.tmr_output_channel_mode_select), (66 bytes).
    Removing at32f421_tmr.o(i.tmr_output_channel_polarity_set), (96 bytes).
    Removing at32f421_tmr.o(i.tmr_output_channel_switch_set), (66 bytes).
    Removing at32f421_tmr.o(i.tmr_output_default_para_init), (18 bytes).
    Removing at32f421_tmr.o(i.tmr_output_enable), (10 bytes).
    Removing at32f421_tmr.o(i.tmr_overflow_event_disable), (10 bytes).
    Removing at32f421_tmr.o(i.tmr_overflow_request_source_set), (10 bytes).
    Removing at32f421_tmr.o(i.tmr_period_buffer_enable), (10 bytes).
    Removing at32f421_tmr.o(i.tmr_period_value_get), (6 bytes).
    Removing at32f421_tmr.o(i.tmr_primary_mode_select), (10 bytes).
    Removing at32f421_tmr.o(i.tmr_pwm_input_config), (350 bytes).
    Removing at32f421_tmr.o(i.tmr_repetition_counter_set), (10 bytes).
    Removing at32f421_tmr.o(i.tmr_reset), (216 bytes).
    Removing at32f421_tmr.o(i.tmr_sub_mode_select), (10 bytes).
    Removing at32f421_tmr.o(i.tmr_sub_sync_mode_set), (10 bytes).
    Removing at32f421_tmr.o(i.tmr_trigger_input_select), (10 bytes).
    Removing at32f421_wdt.o(.rev16_text), (4 bytes).
    Removing at32f421_wdt.o(.revsh_text), (4 bytes).
    Removing at32f421_wdt.o(.rrx_text), (6 bytes).
    Removing at32f421_wdt.o(i.wdt_flag_get), (24 bytes).
    Removing at32f421_wdt.o(i.wdt_reload_value_set), (12 bytes).
    Removing system_at32f421.o(.rev16_text), (4 bytes).
    Removing system_at32f421.o(.revsh_text), (4 bytes).
    Removing system_at32f421.o(.rrx_text), (6 bytes).
    Removing system_at32f421.o(i.system_core_clock_update), (340 bytes).
    Removing system_at32f421.o(.constdata), (16 bytes).
    Removing system_at32f421.o(.data), (4 bytes).

217 unused section(s) (total 8914 bytes) removed from the image.

==============================================================================

Image Symbol Table

    Local Symbols

    Symbol Name                              Value     Ov Type        Size  Object(Section)

    ../clib/angel/boardlib.s                 0x00000000   Number         0  boardinit3.o ABSOLUTE
    ../clib/angel/boardlib.s                 0x00000000   Number         0  boardinit2.o ABSOLUTE
    ../clib/angel/boardlib.s                 0x00000000   Number         0  boardinit1.o ABSOLUTE
    ../clib/angel/boardlib.s                 0x00000000   Number         0  boardshut.o ABSOLUTE
    ../clib/angel/handlers.s                 0x00000000   Number         0  __scatter_copy.o ABSOLUTE
    ../clib/angel/handlers.s                 0x00000000   Number         0  __scatter_zi.o ABSOLUTE
    ../clib/angel/kernel.s                   0x00000000   Number         0  rtexit2.o ABSOLUTE
    ../clib/angel/kernel.s                   0x00000000   Number         0  __rtentry.o ABSOLUTE
    ../clib/angel/kernel.s                   0x00000000   Number         0  __rtentry2.o ABSOLUTE
    ../clib/angel/kernel.s                   0x00000000   Number         0  rtexit.o ABSOLUTE
    ../clib/angel/kernel.s                   0x00000000   Number         0  __rtentry4.o ABSOLUTE
    ../clib/angel/rt.s                       0x00000000   Number         0  aeabi_ldiv0_sigfpe.o ABSOLUTE
    ../clib/angel/rt.s                       0x00000000   Number         0  aeabi_ldiv0.o ABSOLUTE
    ../clib/angel/rt.s                       0x00000000   Number         0  rt_raise.o ABSOLUTE
    ../clib/angel/rt.s                       0x00000000   Number         0  rt_div0.o ABSOLUTE
    ../clib/angel/scatter.s                  0x00000000   Number         0  __scatter.o ABSOLUTE
    ../clib/angel/startup.s                  0x00000000   Number         0  __main.o ABSOLUTE
    ../clib/angel/sys.s                      0x00000000   Number         0  libspace.o ABSOLUTE
    ../clib/angel/sys.s                      0x00000000   Number         0  sys_stackheap_outer.o ABSOLUTE
    ../clib/angel/sys.s                      0x00000000   Number         0  indicate_semi.o ABSOLUTE
    ../clib/angel/sys.s                      0x00000000   Number         0  use_no_semi.o ABSOLUTE
    ../clib/angel/sysapp.c                   0x00000000   Number         0  sys_exit.o ABSOLUTE
    ../clib/angel/sysapp.c                   0x00000000   Number         0  sys_command.o ABSOLUTE
    ../clib/angel/sysapp.c                   0x00000000   Number         0  sys_wrch.o ABSOLUTE
    ../clib/armsys.c                         0x00000000   Number         0  no_argv.o ABSOLUTE
    ../clib/armsys.c                         0x00000000   Number         0  argv_veneer.o ABSOLUTE
    ../clib/armsys.c                         0x00000000   Number         0  _get_argv_nomalloc.o ABSOLUTE
    ../clib/armsys.c                         0x00000000   Number         0  argv_veneer.o ABSOLUTE
    ../clib/heapalloc.c                      0x00000000   Number         0  hrguard.o ABSOLUTE
    ../clib/heapaux.c                        0x00000000   Number         0  heapauxi.o ABSOLUTE
    ../clib/libinit.s                        0x00000000   Number         0  libinit2.o ABSOLUTE
    ../clib/libinit.s                        0x00000000   Number         0  libshutdown2.o ABSOLUTE
    ../clib/libinit.s                        0x00000000   Number         0  libinit.o ABSOLUTE
    ../clib/libinit.s                        0x00000000   Number         0  libshutdown.o ABSOLUTE
    ../clib/longlong.s                       0x00000000   Number         0  lludivv7m.o ABSOLUTE
    ../clib/signal.c                         0x00000000   Number         0  defsig_other.o ABSOLUTE
    ../clib/signal.c                         0x00000000   Number         0  defsig_segv_inner.o ABSOLUTE
    ../clib/signal.c                         0x00000000   Number         0  defsig_cppl_inner.o ABSOLUTE
    ../clib/signal.c                         0x00000000   Number         0  defsig_pvfn_inner.o ABSOLUTE
    ../clib/signal.c                         0x00000000   Number         0  __raise.o ABSOLUTE
    ../clib/signal.c                         0x00000000   Number         0  defsig_general.o ABSOLUTE
    ../clib/signal.c                         0x00000000   Number         0  defsig_fpe_outer.o ABSOLUTE
    ../clib/signal.c                         0x00000000   Number         0  defsig_rtmem_formal.o ABSOLUTE
    ../clib/signal.c                         0x00000000   Number         0  defsig_fpe_formal.o ABSOLUTE
    ../clib/signal.c                         0x00000000   Number         0  defsig_abrt_inner.o ABSOLUTE
    ../clib/signal.c                         0x00000000   Number         0  defsig_rtred_inner.o ABSOLUTE
    ../clib/signal.c                         0x00000000   Number         0  defsig_fpe_inner.o ABSOLUTE
    ../clib/signal.c                         0x00000000   Number         0  defsig_exit.o ABSOLUTE
    ../clib/signal.c                         0x00000000   Number         0  defsig_rtmem_inner.o ABSOLUTE
    ../clib/signal.c                         0x00000000   Number         0  defsig_rtmem_outer.o ABSOLUTE
    ../clib/signal.c                         0x00000000   Number         0  defsig_stak_inner.o ABSOLUTE
    ../clib/signal.s                         0x00000000   Number         0  defsig.o ABSOLUTE
    ../clib/stdlib.c                         0x00000000   Number         0  exit.o ABSOLUTE
    ../fplib/fpinit.s                        0x00000000   Number         0  fpinit.o ABSOLUTE
    RTE\Device\-AT32F421K8T7\at32f421_adc.c  0x00000000   Number         0  at32f421_adc.o ABSOLUTE
    RTE\Device\-AT32F421K8T7\at32f421_crm.c  0x00000000   Number         0  at32f421_crm.o ABSOLUTE
    RTE\Device\-AT32F421K8T7\at32f421_debug.c 0x00000000   Number         0  at32f421_debug.o ABSOLUTE
    RTE\Device\-AT32F421K8T7\at32f421_ertc.c 0x00000000   Number         0  at32f421_ertc.o ABSOLUTE
    RTE\Device\-AT32F421K8T7\at32f421_gpio.c 0x00000000   Number         0  at32f421_gpio.o ABSOLUTE
    RTE\Device\-AT32F421K8T7\at32f421_misc.c 0x00000000   Number         0  at32f421_misc.o ABSOLUTE
    RTE\Device\-AT32F421K8T7\at32f421_scfg.c 0x00000000   Number         0  at32f421_scfg.o ABSOLUTE
    RTE\Device\-AT32F421K8T7\at32f421_tmr.c  0x00000000   Number         0  at32f421_tmr.o ABSOLUTE
    RTE\Device\-AT32F421K8T7\at32f421_wdt.c  0x00000000   Number         0  at32f421_wdt.o ABSOLUTE
    RTE\Device\-AT32F421K8T7\startup_at32f421.s 0x00000000   Number         0  startup_at32f421.o ABSOLUTE
    RTE\Device\-AT32F421K8T7\system_at32f421.c 0x00000000   Number         0  system_at32f421.o ABSOLUTE
    RTE\\Device\\-AT32F421K8T7\\at32f421_adc.c 0x00000000   Number         0  at32f421_adc.o ABSOLUTE
    RTE\\Device\\-AT32F421K8T7\\at32f421_crm.c 0x00000000   Number         0  at32f421_crm.o ABSOLUTE
    RTE\\Device\\-AT32F421K8T7\\at32f421_debug.c 0x00000000   Number         0  at32f421_debug.o ABSOLUTE
    RTE\\Device\\-AT32F421K8T7\\at32f421_ertc.c 0x00000000   Number         0  at32f421_ertc.o ABSOLUTE
    RTE\\Device\\-AT32F421K8T7\\at32f421_gpio.c 0x00000000   Number         0  at32f421_gpio.o ABSOLUTE
    RTE\\Device\\-AT32F421K8T7\\at32f421_misc.c 0x00000000   Number         0  at32f421_misc.o ABSOLUTE
    RTE\\Device\\-AT32F421K8T7\\at32f421_scfg.c 0x00000000   Number         0  at32f421_scfg.o ABSOLUTE
    RTE\\Device\\-AT32F421K8T7\\at32f421_tmr.c 0x00000000   Number         0  at32f421_tmr.o ABSOLUTE
    RTE\\Device\\-AT32F421K8T7\\at32f421_wdt.c 0x00000000   Number         0  at32f421_wdt.o ABSOLUTE
    RTE\\Device\\-AT32F421K8T7\\system_at32f421.c 0x00000000   Number         0  system_at32f421.o ABSOLUTE
    dc.s                                     0x00000000   Number         0  dc.o ABSOLUTE
    main.c                                   0x00000000   Number         0  main.o ABSOLUTE
    main.c                                   0x00000000   Number         0  main.o ABSOLUTE
    RESET                                    0x08000000   Section      204  startup_at32f421.o(RESET)
    !!!main                                  0x080000cc   Section        8  __main.o(!!!main)
    !!!scatter                               0x080000d4   Section       52  __scatter.o(!!!scatter)
    !!handler_copy                           0x08000108   Section       26  __scatter_copy.o(!!handler_copy)
    !!handler_zi                             0x08000124   Section       28  __scatter_zi.o(!!handler_zi)
    .ARM.Collect$$libinit$$00000000          0x08000140   Section        2  libinit.o(.ARM.Collect$$libinit$$00000000)
    .ARM.Collect$$libinit$$00000002          0x08000142   Section        0  libinit2.o(.ARM.Collect$$libinit$$00000002)
    .ARM.Collect$$libinit$$00000004          0x08000142   Section        0  libinit2.o(.ARM.Collect$$libinit$$00000004)
    .ARM.Collect$$libinit$$0000000A          0x08000142   Section        0  libinit2.o(.ARM.Collect$$libinit$$0000000A)
    .ARM.Collect$$libinit$$0000000C          0x08000142   Section        0  libinit2.o(.ARM.Collect$$libinit$$0000000C)
    .ARM.Collect$$libinit$$0000000E          0x08000142   Section        0  libinit2.o(.ARM.Collect$$libinit$$0000000E)
    .ARM.Collect$$libinit$$00000011          0x08000142   Section        0  libinit2.o(.ARM.Collect$$libinit$$00000011)
    .ARM.Collect$$libinit$$00000013          0x08000142   Section        0  libinit2.o(.ARM.Collect$$libinit$$00000013)
    .ARM.Collect$$libinit$$00000015          0x08000142   Section        0  libinit2.o(.ARM.Collect$$libinit$$00000015)
    .ARM.Collect$$libinit$$00000017          0x08000142   Section        0  libinit2.o(.ARM.Collect$$libinit$$00000017)
    .ARM.Collect$$libinit$$00000019          0x08000142   Section        0  libinit2.o(.ARM.Collect$$libinit$$00000019)
    .ARM.Collect$$libinit$$0000001B          0x08000142   Section        0  libinit2.o(.ARM.Collect$$libinit$$0000001B)
    .ARM.Collect$$libinit$$0000001D          0x08000142   Section        0  libinit2.o(.ARM.Collect$$libinit$$0000001D)
    .ARM.Collect$$libinit$$0000001F          0x08000142   Section        0  libinit2.o(.ARM.Collect$$libinit$$0000001F)
    .ARM.Collect$$libinit$$00000021          0x08000142   Section        0  libinit2.o(.ARM.Collect$$libinit$$00000021)
    .ARM.Collect$$libinit$$00000023          0x08000142   Section        0  libinit2.o(.ARM.Collect$$libinit$$00000023)
    .ARM.Collect$$libinit$$00000025          0x08000142   Section        0  libinit2.o(.ARM.Collect$$libinit$$00000025)
    .ARM.Collect$$libinit$$0000002C          0x08000142   Section        0  libinit2.o(.ARM.Collect$$libinit$$0000002C)
    .ARM.Collect$$libinit$$0000002E          0x08000142   Section        0  libinit2.o(.ARM.Collect$$libinit$$0000002E)
    .ARM.Collect$$libinit$$00000030          0x08000142   Section        0  libinit2.o(.ARM.Collect$$libinit$$00000030)
    .ARM.Collect$$libinit$$00000032          0x08000142   Section        0  libinit2.o(.ARM.Collect$$libinit$$00000032)
    .ARM.Collect$$libinit$$00000033          0x08000142   Section        2  libinit2.o(.ARM.Collect$$libinit$$00000033)
    .ARM.Collect$$libshutdown$$00000000      0x08000144   Section        2  libshutdown.o(.ARM.Collect$$libshutdown$$00000000)
    .ARM.Collect$$libshutdown$$00000002      0x08000146   Section        0  libshutdown2.o(.ARM.Collect$$libshutdown$$00000002)
    .ARM.Collect$$libshutdown$$00000004      0x08000146   Section        0  libshutdown2.o(.ARM.Collect$$libshutdown$$00000004)
    .ARM.Collect$$libshutdown$$00000007      0x08000146   Section        0  libshutdown2.o(.ARM.Collect$$libshutdown$$00000007)
    .ARM.Collect$$libshutdown$$0000000A      0x08000146   Section        0  libshutdown2.o(.ARM.Collect$$libshutdown$$0000000A)
    .ARM.Collect$$libshutdown$$0000000C      0x08000146   Section        0  libshutdown2.o(.ARM.Collect$$libshutdown$$0000000C)
    .ARM.Collect$$libshutdown$$0000000F      0x08000146   Section        0  libshutdown2.o(.ARM.Collect$$libshutdown$$0000000F)
    .ARM.Collect$$libshutdown$$00000010      0x08000146   Section        2  libshutdown2.o(.ARM.Collect$$libshutdown$$00000010)
    .ARM.Collect$$rtentry$$00000000          0x08000148   Section        0  __rtentry.o(.ARM.Collect$$rtentry$$00000000)
    .ARM.Collect$$rtentry$$00000002          0x08000148   Section        0  __rtentry2.o(.ARM.Collect$$rtentry$$00000002)
    .ARM.Collect$$rtentry$$00000004          0x08000148   Section        6  __rtentry4.o(.ARM.Collect$$rtentry$$00000004)
    .ARM.Collect$$rtentry$$00000009          0x0800014e   Section        0  __rtentry2.o(.ARM.Collect$$rtentry$$00000009)
    .ARM.Collect$$rtentry$$0000000A          0x0800014e   Section        4  __rtentry2.o(.ARM.Collect$$rtentry$$0000000A)
    .ARM.Collect$$rtentry$$0000000C          0x08000152   Section        0  __rtentry2.o(.ARM.Collect$$rtentry$$0000000C)
    .ARM.Collect$$rtentry$$0000000D          0x08000152   Section        8  __rtentry2.o(.ARM.Collect$$rtentry$$0000000D)
    .ARM.Collect$$rtexit$$00000000           0x0800015a   Section        2  rtexit.o(.ARM.Collect$$rtexit$$00000000)
    .ARM.Collect$$rtexit$$00000002           0x0800015c   Section        0  rtexit2.o(.ARM.Collect$$rtexit$$00000002)
    .ARM.Collect$$rtexit$$00000003           0x0800015c   Section        4  rtexit2.o(.ARM.Collect$$rtexit$$00000003)
    .ARM.Collect$$rtexit$$00000004           0x08000160   Section        6  rtexit2.o(.ARM.Collect$$rtexit$$00000004)
    .text                                    0x08000168   Section       64  startup_at32f421.o(.text)
    .text                                    0x080001a8   Section        0  heapauxi.o(.text)
    .text                                    0x080001ae   Section       74  sys_stackheap_outer.o(.text)
    .text                                    0x080001f8   Section        0  exit.o(.text)
    .text                                    0x0800020c   Section        8  libspace.o(.text)
    .text                                    0x08000214   Section        0  sys_exit.o(.text)
    .text                                    0x08000220   Section        2  use_no_semi.o(.text)
    .text                                    0x08000222   Section        0  indicate_semi.o(.text)
    i.ADC1_CMP_IRQHandler                    0x08000224   Section        0  main.o(i.ADC1_CMP_IRQHandler)
    i.ADC_GetConversion                      0x08000270   Section        0  main.o(i.ADC_GetConversion)
    i.PIN_ALARM_STATE_SetLow                 0x0800027c   Section        0  main.o(i.PIN_ALARM_STATE_SetLow)
    i.PIN_FUN_STATE_GetValue                 0x0800028c   Section        0  main.o(i.PIN_FUN_STATE_GetValue)
    i.PIN_JUMP_STATE_GetValue                0x08000298   Section        0  main.o(i.PIN_JUMP_STATE_GetValue)
    i.PIN_LED_SetLow                         0x080002a8   Section        0  main.o(i.PIN_LED_SetLow)
    i.PIN_POWER_MEAS_SetHigh                 0x080002b8   Section        0  main.o(i.PIN_POWER_MEAS_SetHigh)
    i.PIN_POWER_MEAS_SetLow                  0x080002c6   Section        0  main.o(i.PIN_POWER_MEAS_SetLow)
    i.PIN_RELE_CONTROL_SetLow                0x080002d4   Section        0  main.o(i.PIN_RELE_CONTROL_SetLow)
    i.PIN_RELE_POWER_SetLow                  0x080002e2   Section        0  main.o(i.PIN_RELE_POWER_SetLow)
    i.PIN_ZUMMER_SetLow                      0x080002f0   Section        0  main.o(i.PIN_ZUMMER_SetLow)
    i.SystemInit                             0x08000300   Section        0  system_at32f421.o(i.SystemInit)
    i.TMR6_GLOBAL_IRQHandler                 0x0800036c   Section        0  main.o(i.TMR6_GLOBAL_IRQHandler)
    i.adc_base_config                        0x080003ac   Section        0  at32f421_adc.o(i.adc_base_config)
    i.adc_base_default_para_init             0x080003d8   Section        0  at32f421_adc.o(i.adc_base_default_para_init)
    i.adc_enable                             0x080003e6   Section        0  at32f421_adc.o(i.adc_enable)
    i.adc_interrupt_enable                   0x080003f0   Section        0  at32f421_adc.o(i.adc_interrupt_enable)
    i.adc_ordinary_channel_set               0x08000406   Section        0  at32f421_adc.o(i.adc_ordinary_channel_set)
    i.adc_ordinary_conversion_data_get       0x0800059a   Section        0  at32f421_adc.o(i.adc_ordinary_conversion_data_get)
    i.adc_ordinary_conversion_trigger_set    0x080005a2   Section        0  at32f421_adc.o(i.adc_ordinary_conversion_trigger_set)
    i.autorotation_work                      0x080005d8   Section        0  main.o(i.autorotation_work)
    i.beep_double                            0x08000678   Section        0  main.o(i.beep_double)
    i.beep_long                              0x08000694   Section        0  main.o(i.beep_long)
    i.beep_short                             0x080006d0   Section        0  main.o(i.beep_short)
    i.clear_alarm                            0x08000708   Section        0  main.o(i.clear_alarm)
    i.close                                  0x08000728   Section        0  main.o(i.close)
    i.crm_ahb_div_set                        0x08000760   Section        0  at32f421_crm.o(i.crm_ahb_div_set)
    i.crm_clock_source_enable                0x08000774   Section        0  at32f421_crm.o(i.crm_clock_source_enable)
    i.crm_hick_divider_select                0x080007d4   Section        0  at32f421_crm.o(i.crm_hick_divider_select)
    i.crm_hick_sclk_frequency_select         0x080007e8   Section        0  at32f421_crm.o(i.crm_hick_sclk_frequency_select)
    i.crm_periph_clock_enable                0x08000804   Section        0  at32f421_crm.o(i.crm_periph_clock_enable)
    i.fun_work                               0x08000848   Section        0  main.o(i.fun_work)
    i.get_fun                                0x080008ec   Section        0  main.o(i.get_fun)
    i.get_jump                               0x080009c0   Section        0  main.o(i.get_jump)
    i.get_wsp                                0x08000a5c   Section        0  main.o(i.get_wsp)
    i.go_close                               0x08000af8   Section        0  main.o(i.go_close)
    i.go_close_alt                           0x08000b80   Section        0  main.o(i.go_close_alt)
    i.go_close_short                         0x08000bd8   Section        0  main.o(i.go_close_short)
    i.go_open                                0x08000c58   Section        0  main.o(i.go_open)
    i.go_open_alt                            0x08000cc8   Section        0  main.o(i.go_open_alt)
    i.gpio_bits_reset                        0x08000d10   Section        0  at32f421_gpio.o(i.gpio_bits_reset)
    i.gpio_bits_set                          0x08000d14   Section        0  at32f421_gpio.o(i.gpio_bits_set)
    i.gpio_bits_write                        0x08000d18   Section        0  at32f421_gpio.o(i.gpio_bits_write)
    i.gpio_init                              0x08000d22   Section        0  at32f421_gpio.o(i.gpio_init)
    i.gpio_input_data_bit_read               0x08000d9c   Section        0  at32f421_gpio.o(i.gpio_input_data_bit_read)
    i.gpio_set                               0x08000dae   Section        0  main.o(i.gpio_set)
    i.hardware_init                          0x08000de0   Section        0  main.o(i.hardware_init)
    i.hardware_work                          0x08000f44   Section        0  main.o(i.hardware_work)
    i.main                                   0x08000fa8   Section        0  main.o(i.main)
    i.minute_tick                            0x08000fe4   Section        0  main.o(i.minute_tick)
    i.ms_10_work                             0x08001020   Section        0  main.o(i.ms_10_work)
    i.ms_200_work                            0x08001070   Section        0  main.o(i.ms_200_work)
    i.ms_tick                                0x080010ec   Section        0  main.o(i.ms_tick)
    i.nvic_irq_enable                        0x080011b8   Section        0  at32f421_misc.o(i.nvic_irq_enable)
    i.open                                   0x08001280   Section        0  main.o(i.open)
    i.rele_off                               0x080012b8   Section        0  main.o(i.rele_off)
    i.rele_tick                              0x08001330   Section        0  main.o(i.rele_tick)
    i.sec_30_work                            0x0800142c   Section        0  main.o(i.sec_30_work)
    i.sec_work                               0x08001460   Section        0  main.o(i.sec_work)
    i.start_alarm                            0x08001574   Section        0  main.o(i.start_alarm)
    i.start_setup                            0x080015b8   Section        0  main.o(i.start_setup)
    i.start_tone                             0x08001614   Section        0  main.o(i.start_tone)
    i.stop_tone                              0x08001644   Section        0  main.o(i.stop_tone)
    i.switch_wm                              0x08001670   Section        0  main.o(i.switch_wm)
    i.timer_init                             0x080016e0   Section        0  main.o(i.timer_init)
    i.tmr_base_init                          0x08001730   Section        0  at32f421_tmr.o(i.tmr_base_init)
    i.tmr_channel_buffer_enable              0x08001740   Section        0  at32f421_tmr.o(i.tmr_channel_buffer_enable)
    i.tmr_counter_enable                     0x0800174a   Section        0  at32f421_tmr.o(i.tmr_counter_enable)
    i.tmr_period_value_set                   0x08001754   Section        0  at32f421_tmr.o(i.tmr_period_value_set)
    i.wdt_counter_reload                     0x08001758   Section        0  at32f421_wdt.o(i.wdt_counter_reload)
    i.wdt_divider_set                        0x08001768   Section        0  at32f421_wdt.o(i.wdt_divider_set)
    i.wdt_enable                             0x0800177c   Section        0  at32f421_wdt.o(i.wdt_enable)
    i.wdt_register_write_enable              0x0800178c   Section        0  at32f421_wdt.o(i.wdt_register_write_enable)
    i.zummer_switch                          0x080017a4   Section        0  main.o(i.zummer_switch)
    .data                                    0x20000000   Section      100  main.o(.data)
    ff                                       0x20000008   Data           4  main.o(.data)
    iled                                     0x2000003f   Data           1  main.o(.data)
    f                                        0x20000040   Data           1  main.o(.data)
    ms200_count                              0x20000048   Data           8  main.o(.data)
    ms10_count                               0x20000050   Data           8  main.o(.data)
    ms1000_count                             0x20000058   Data           8  main.o(.data)
    bad_measures_counter                     0x20000060   Data           1  main.o(.data)
    fun_counter                              0x20000061   Data           1  main.o(.data)
    jump_counter                             0x20000062   Data           1  main.o(.data)
    i                                        0x20000063   Data           1  main.o(.data)
    .bss                                     0x20000064   Section       96  libspace.o(.bss)
    HEAP                                     0x200000c8   Section      512  startup_at32f421.o(HEAP)
    Heap_Mem                                 0x200000c8   Data         512  startup_at32f421.o(HEAP)
    STACK                                    0x200002c8   Section     1024  startup_at32f421.o(STACK)
    Stack_Mem                                0x200002c8   Data        1024  startup_at32f421.o(STACK)
    __initial_sp                             0x200006c8   Data           0  startup_at32f421.o(STACK)

    Global Symbols

    Symbol Name                              Value     Ov Type        Size  Object(Section)

    BuildAttributes$$THM_ISAv4$E$P$D$K$B$S$7EM$PE$A:L22UL41UL21$X:L11$S22US41US21$IEEE1$IW$USESV6$~STKCKD$USESV7$~SHL$OSPACE$ROPI$EBA8$UX$STANDARDLIB$REQ8$PRES8$EABIv2 0x00000000   Number         0  anon$$obj.o ABSOLUTE
    __ARM_use_no_argv                        0x00000000   Number         0  main.o ABSOLUTE
    __ARM_exceptions_init                     - Undefined Weak Reference
    __alloca_initialize                       - Undefined Weak Reference
    __arm_preinit_                            - Undefined Weak Reference
    __cpp_initialize__aeabi_                  - Undefined Weak Reference
    __cxa_finalize                            - Undefined Weak Reference
    __rt_locale                               - Undefined Weak Reference
    __sigvec_lookup                           - Undefined Weak Reference
    _atexit_init                              - Undefined Weak Reference
    _call_atexit_fns                          - Undefined Weak Reference
    _clock_init                               - Undefined Weak Reference
    _fp_trap_init                             - Undefined Weak Reference
    _fp_trap_shutdown                         - Undefined Weak Reference
    _get_lc_collate                           - Undefined Weak Reference
    _get_lc_ctype                             - Undefined Weak Reference
    _get_lc_monetary                          - Undefined Weak Reference
    _get_lc_numeric                           - Undefined Weak Reference
    _get_lc_time                              - Undefined Weak Reference
    _getenv_init                              - Undefined Weak Reference
    _handle_redirection                       - Undefined Weak Reference
    _init_alloc                               - Undefined Weak Reference
    _init_user_alloc                          - Undefined Weak Reference
    _initio                                   - Undefined Weak Reference
    _rand_init                                - Undefined Weak Reference
    _signal_finish                            - Undefined Weak Reference
    _signal_init                              - Undefined Weak Reference
    _terminate_alloc                          - Undefined Weak Reference
    _terminate_user_alloc                     - Undefined Weak Reference
    _terminateio                              - Undefined Weak Reference
    __Vectors_Size                           0x000000cc   Number         0  startup_at32f421.o ABSOLUTE
    __Vectors                                0x08000000   Data           4  startup_at32f421.o(RESET)
    __Vectors_End                            0x080000cc   Data           0  startup_at32f421.o(RESET)
    __main                                   0x080000cd   Thumb Code     8  __main.o(!!!main)
    __scatterload                            0x080000d5   Thumb Code     0  __scatter.o(!!!scatter)
    __scatterload_rt2                        0x080000d5   Thumb Code    44  __scatter.o(!!!scatter)
    __scatterload_rt2_thumb_only             0x080000d5   Thumb Code     0  __scatter.o(!!!scatter)
    __scatterload_null                       0x080000e3   Thumb Code     0  __scatter.o(!!!scatter)
    __scatterload_copy                       0x08000109   Thumb Code    26  __scatter_copy.o(!!handler_copy)
    __scatterload_zeroinit                   0x08000125   Thumb Code    28  __scatter_zi.o(!!handler_zi)
    __rt_lib_init                            0x08000141   Thumb Code     0  libinit.o(.ARM.Collect$$libinit$$00000000)
    __rt_lib_init_alloca_1                   0x08000143   Thumb Code     0  libinit2.o(.ARM.Collect$$libinit$$0000002E)
    __rt_lib_init_argv_1                     0x08000143   Thumb Code     0  libinit2.o(.ARM.Collect$$libinit$$0000002C)
    __rt_lib_init_atexit_1                   0x08000143   Thumb Code     0  libinit2.o(.ARM.Collect$$libinit$$0000001B)
    __rt_lib_init_clock_1                    0x08000143   Thumb Code     0  libinit2.o(.ARM.Collect$$libinit$$00000021)
    __rt_lib_init_cpp_1                      0x08000143   Thumb Code     0  libinit2.o(.ARM.Collect$$libinit$$00000032)
    __rt_lib_init_exceptions_1               0x08000143   Thumb Code     0  libinit2.o(.ARM.Collect$$libinit$$00000030)
    __rt_lib_init_fp_1                       0x08000143   Thumb Code     0  libinit2.o(.ARM.Collect$$libinit$$00000002)
    __rt_lib_init_fp_trap_1                  0x08000143   Thumb Code     0  libinit2.o(.ARM.Collect$$libinit$$0000001F)
    __rt_lib_init_getenv_1                   0x08000143   Thumb Code     0  libinit2.o(.ARM.Collect$$libinit$$00000023)
    __rt_lib_init_heap_1                     0x08000143   Thumb Code     0  libinit2.o(.ARM.Collect$$libinit$$0000000A)
    __rt_lib_init_lc_collate_1               0x08000143   Thumb Code     0  libinit2.o(.ARM.Collect$$libinit$$00000011)
    __rt_lib_init_lc_ctype_1                 0x08000143   Thumb Code     0  libinit2.o(.ARM.Collect$$libinit$$00000013)
    __rt_lib_init_lc_monetary_1              0x08000143   Thumb Code     0  libinit2.o(.ARM.Collect$$libinit$$00000015)
    __rt_lib_init_lc_numeric_1               0x08000143   Thumb Code     0  libinit2.o(.ARM.Collect$$libinit$$00000017)
    __rt_lib_init_lc_time_1                  0x08000143   Thumb Code     0  libinit2.o(.ARM.Collect$$libinit$$00000019)
    __rt_lib_init_preinit_1                  0x08000143   Thumb Code     0  libinit2.o(.ARM.Collect$$libinit$$00000004)
    __rt_lib_init_rand_1                     0x08000143   Thumb Code     0  libinit2.o(.ARM.Collect$$libinit$$0000000E)
    __rt_lib_init_return                     0x08000143   Thumb Code     0  libinit2.o(.ARM.Collect$$libinit$$00000033)
    __rt_lib_init_signal_1                   0x08000143   Thumb Code     0  libinit2.o(.ARM.Collect$$libinit$$0000001D)
    __rt_lib_init_stdio_1                    0x08000143   Thumb Code     0  libinit2.o(.ARM.Collect$$libinit$$00000025)
    __rt_lib_init_user_alloc_1               0x08000143   Thumb Code     0  libinit2.o(.ARM.Collect$$libinit$$0000000C)
    __rt_lib_shutdown                        0x08000145   Thumb Code     0  libshutdown.o(.ARM.Collect$$libshutdown$$00000000)
    __rt_lib_shutdown_cpp_1                  0x08000147   Thumb Code     0  libshutdown2.o(.ARM.Collect$$libshutdown$$00000002)
    __rt_lib_shutdown_fp_trap_1              0x08000147   Thumb Code     0  libshutdown2.o(.ARM.Collect$$libshutdown$$00000007)
    __rt_lib_shutdown_heap_1                 0x08000147   Thumb Code     0  libshutdown2.o(.ARM.Collect$$libshutdown$$0000000F)
    __rt_lib_shutdown_return                 0x08000147   Thumb Code     0  libshutdown2.o(.ARM.Collect$$libshutdown$$00000010)
    __rt_lib_shutdown_signal_1               0x08000147   Thumb Code     0  libshutdown2.o(.ARM.Collect$$libshutdown$$0000000A)
    __rt_lib_shutdown_stdio_1                0x08000147   Thumb Code     0  libshutdown2.o(.ARM.Collect$$libshutdown$$00000004)
    __rt_lib_shutdown_user_alloc_1           0x08000147   Thumb Code     0  libshutdown2.o(.ARM.Collect$$libshutdown$$0000000C)
    __rt_entry                               0x08000149   Thumb Code     0  __rtentry.o(.ARM.Collect$$rtentry$$00000000)
    __rt_entry_presh_1                       0x08000149   Thumb Code     0  __rtentry2.o(.ARM.Collect$$rtentry$$00000002)
    __rt_entry_sh                            0x08000149   Thumb Code     0  __rtentry4.o(.ARM.Collect$$rtentry$$00000004)
    __rt_entry_li                            0x0800014f   Thumb Code     0  __rtentry2.o(.ARM.Collect$$rtentry$$0000000A)
    __rt_entry_postsh_1                      0x0800014f   Thumb Code     0  __rtentry2.o(.ARM.Collect$$rtentry$$00000009)
    __rt_entry_main                          0x08000153   Thumb Code     0  __rtentry2.o(.ARM.Collect$$rtentry$$0000000D)
    __rt_entry_postli_1                      0x08000153   Thumb Code     0  __rtentry2.o(.ARM.Collect$$rtentry$$0000000C)
    __rt_exit                                0x0800015b   Thumb Code     0  rtexit.o(.ARM.Collect$$rtexit$$00000000)
    __rt_exit_ls                             0x0800015d   Thumb Code     0  rtexit2.o(.ARM.Collect$$rtexit$$00000003)
    __rt_exit_prels_1                        0x0800015d   Thumb Code     0  rtexit2.o(.ARM.Collect$$rtexit$$00000002)
    __rt_exit_exit                           0x08000161   Thumb Code     0  rtexit2.o(.ARM.Collect$$rtexit$$00000004)
    Reset_Handler                            0x08000169   Thumb Code     8  startup_at32f421.o(.text)
    NMI_Handler                              0x08000171   Thumb Code     2  startup_at32f421.o(.text)
    HardFault_Handler                        0x08000173   Thumb Code     2  startup_at32f421.o(.text)
    MemManage_Handler                        0x08000175   Thumb Code     2  startup_at32f421.o(.text)
    BusFault_Handler                         0x08000177   Thumb Code     2  startup_at32f421.o(.text)
    UsageFault_Handler                       0x08000179   Thumb Code     2  startup_at32f421.o(.text)
    SVC_Handler                              0x0800017b   Thumb Code     2  startup_at32f421.o(.text)
    DebugMon_Handler                         0x0800017d   Thumb Code     2  startup_at32f421.o(.text)
    PendSV_Handler                           0x0800017f   Thumb Code     2  startup_at32f421.o(.text)
    SysTick_Handler                          0x08000181   Thumb Code     2  startup_at32f421.o(.text)
    CRM_IRQHandler                           0x08000183   Thumb Code     0  startup_at32f421.o(.text)
    DMA1_Channel1_IRQHandler                 0x08000183   Thumb Code     0  startup_at32f421.o(.text)
    DMA1_Channel3_2_IRQHandler               0x08000183   Thumb Code     0  startup_at32f421.o(.text)
    DMA1_Channel5_4_IRQHandler               0x08000183   Thumb Code     0  startup_at32f421.o(.text)
    ERTC_IRQHandler                          0x08000183   Thumb Code     0  startup_at32f421.o(.text)
    EXINT15_4_IRQHandler                     0x08000183   Thumb Code     0  startup_at32f421.o(.text)
    EXINT1_0_IRQHandler                      0x08000183   Thumb Code     0  startup_at32f421.o(.text)
    EXINT3_2_IRQHandler                      0x08000183   Thumb Code     0  startup_at32f421.o(.text)
    FLASH_IRQHandler                         0x08000183   Thumb Code     0  startup_at32f421.o(.text)
    I2C1_ERR_IRQHandler                      0x08000183   Thumb Code     0  startup_at32f421.o(.text)
    I2C1_EVT_IRQHandler                      0x08000183   Thumb Code     0  startup_at32f421.o(.text)
    I2C2_ERR_IRQHandler                      0x08000183   Thumb Code     0  startup_at32f421.o(.text)
    I2C2_EVT_IRQHandler                      0x08000183   Thumb Code     0  startup_at32f421.o(.text)
    PVM_IRQHandler                           0x08000183   Thumb Code     0  startup_at32f421.o(.text)
    SPI1_IRQHandler                          0x08000183   Thumb Code     0  startup_at32f421.o(.text)
    SPI2_IRQHandler                          0x08000183   Thumb Code     0  startup_at32f421.o(.text)
    TMR14_GLOBAL_IRQHandler                  0x08000183   Thumb Code     0  startup_at32f421.o(.text)
    TMR15_GLOBAL_IRQHandler                  0x08000183   Thumb Code     0  startup_at32f421.o(.text)
    TMR16_GLOBAL_IRQHandler                  0x08000183   Thumb Code     0  startup_at32f421.o(.text)
    TMR17_GLOBAL_IRQHandler                  0x08000183   Thumb Code     0  startup_at32f421.o(.text)
    TMR1_BRK_OVF_TRG_HALL_IRQHandler         0x08000183   Thumb Code     0  startup_at32f421.o(.text)
    TMR1_CH_IRQHandler                       0x08000183   Thumb Code     0  startup_at32f421.o(.text)
    TMR3_GLOBAL_IRQHandler                   0x08000183   Thumb Code     0  startup_at32f421.o(.text)
    USART1_IRQHandler                        0x08000183   Thumb Code     0  startup_at32f421.o(.text)
    USART2_IRQHandler                        0x08000183   Thumb Code     0  startup_at32f421.o(.text)
    WWDT_IRQHandler                          0x08000183   Thumb Code     0  startup_at32f421.o(.text)
    __user_initial_stackheap                 0x08000185   Thumb Code     0  startup_at32f421.o(.text)
    __use_two_region_memory                  0x080001a9   Thumb Code     2  heapauxi.o(.text)
    __rt_heap_escrow$2region                 0x080001ab   Thumb Code     2  heapauxi.o(.text)
    __rt_heap_expand$2region                 0x080001ad   Thumb Code     2  heapauxi.o(.text)
    __user_setup_stackheap                   0x080001af   Thumb Code    74  sys_stackheap_outer.o(.text)
    exit                                     0x080001f9   Thumb Code    18  exit.o(.text)
    __user_libspace                          0x0800020d   Thumb Code     8  libspace.o(.text)
    __user_perproc_libspace                  0x0800020d   Thumb Code     0  libspace.o(.text)
    __user_perthread_libspace                0x0800020d   Thumb Code     0  libspace.o(.text)
    _sys_exit                                0x08000215   Thumb Code     8  sys_exit.o(.text)
    __I$use$semihosting                      0x08000221   Thumb Code     0  use_no_semi.o(.text)
    __use_no_semihosting_swi                 0x08000221   Thumb Code     2  use_no_semi.o(.text)
    __semihosting_library_function           0x08000223   Thumb Code     0  indicate_semi.o(.text)
    ADC1_CMP_IRQHandler                      0x08000225   Thumb Code    58  main.o(i.ADC1_CMP_IRQHandler)
    ADC_GetConversion                        0x08000271   Thumb Code     6  main.o(i.ADC_GetConversion)
    PIN_ALARM_STATE_SetLow                   0x0800027d   Thumb Code    14  main.o(i.PIN_ALARM_STATE_SetLow)
    PIN_FUN_STATE_GetValue                   0x0800028d   Thumb Code     6  main.o(i.PIN_FUN_STATE_GetValue)
    PIN_JUMP_STATE_GetValue                  0x08000299   Thumb Code    14  main.o(i.PIN_JUMP_STATE_GetValue)
    PIN_LED_SetLow                           0x080002a9   Thumb Code    12  main.o(i.PIN_LED_SetLow)
    PIN_POWER_MEAS_SetHigh                   0x080002b9   Thumb Code    14  main.o(i.PIN_POWER_MEAS_SetHigh)
    PIN_POWER_MEAS_SetLow                    0x080002c7   Thumb Code    14  main.o(i.PIN_POWER_MEAS_SetLow)
    PIN_RELE_CONTROL_SetLow                  0x080002d5   Thumb Code    14  main.o(i.PIN_RELE_CONTROL_SetLow)
    PIN_RELE_POWER_SetLow                    0x080002e3   Thumb Code    14  main.o(i.PIN_RELE_POWER_SetLow)
    PIN_ZUMMER_SetLow                        0x080002f1   Thumb Code    12  main.o(i.PIN_ZUMMER_SetLow)
    SystemInit                               0x08000301   Thumb Code    96  system_at32f421.o(i.SystemInit)
    TMR6_GLOBAL_IRQHandler                   0x0800036d   Thumb Code    56  main.o(i.TMR6_GLOBAL_IRQHandler)
    adc_base_config                          0x080003ad   Thumb Code    44  at32f421_adc.o(i.adc_base_config)
    adc_base_default_para_init               0x080003d9   Thumb Code    14  at32f421_adc.o(i.adc_base_default_para_init)
    adc_enable                               0x080003e7   Thumb Code    10  at32f421_adc.o(i.adc_enable)
    adc_interrupt_enable                     0x080003f1   Thumb Code    22  at32f421_adc.o(i.adc_interrupt_enable)
    adc_ordinary_channel_set                 0x08000407   Thumb Code   404  at32f421_adc.o(i.adc_ordinary_channel_set)
    adc_ordinary_conversion_data_get         0x0800059b   Thumb Code     8  at32f421_adc.o(i.adc_ordinary_conversion_data_get)
    adc_ordinary_conversion_trigger_set      0x080005a3   Thumb Code    52  at32f421_adc.o(i.adc_ordinary_conversion_trigger_set)
    autorotation_work                        0x080005d9   Thumb Code   142  main.o(i.autorotation_work)
    beep_double                              0x08000679   Thumb Code    24  main.o(i.beep_double)
    beep_long                                0x08000695   Thumb Code    48  main.o(i.beep_long)
    beep_short                               0x080006d1   Thumb Code    44  main.o(i.beep_short)
    clear_alarm                              0x08000709   Thumb Code    26  main.o(i.clear_alarm)
    close                                    0x08000729   Thumb Code    50  main.o(i.close)
    crm_ahb_div_set                          0x08000761   Thumb Code    14  at32f421_crm.o(i.crm_ahb_div_set)
    crm_clock_source_enable                  0x08000775   Thumb Code    90  at32f421_crm.o(i.crm_clock_source_enable)
    crm_hick_divider_select                  0x080007d5   Thumb Code    14  at32f421_crm.o(i.crm_hick_divider_select)
    crm_hick_sclk_frequency_select           0x080007e9   Thumb Code    24  at32f421_crm.o(i.crm_hick_sclk_frequency_select)
    crm_periph_clock_enable                  0x08000805   Thumb Code    62  at32f421_crm.o(i.crm_periph_clock_enable)
    fun_work                                 0x08000849   Thumb Code   154  main.o(i.fun_work)
    get_fun                                  0x080008ed   Thumb Code   200  main.o(i.get_fun)
    get_jump                                 0x080009c1   Thumb Code   146  main.o(i.get_jump)
    get_wsp                                  0x08000a5d   Thumb Code   140  main.o(i.get_wsp)
    go_close                                 0x08000af9   Thumb Code   116  main.o(i.go_close)
    go_close_alt                             0x08000b81   Thumb Code    82  main.o(i.go_close_alt)
    go_close_short                           0x08000bd9   Thumb Code   110  main.o(i.go_close_short)
    go_open                                  0x08000c59   Thumb Code   102  main.o(i.go_open)
    go_open_alt                              0x08000cc9   Thumb Code    68  main.o(i.go_open_alt)
    gpio_bits_reset                          0x08000d11   Thumb Code     4  at32f421_gpio.o(i.gpio_bits_reset)
    gpio_bits_set                            0x08000d15   Thumb Code     4  at32f421_gpio.o(i.gpio_bits_set)
    gpio_bits_write                          0x08000d19   Thumb Code    10  at32f421_gpio.o(i.gpio_bits_write)
    gpio_init                                0x08000d23   Thumb Code   122  at32f421_gpio.o(i.gpio_init)
    gpio_input_data_bit_read                 0x08000d9d   Thumb Code    18  at32f421_gpio.o(i.gpio_input_data_bit_read)
    gpio_set                                 0x08000daf   Thumb Code    48  main.o(i.gpio_set)
    hardware_init                            0x08000de1   Thumb Code   336  main.o(i.hardware_init)
    hardware_work                            0x08000f45   Thumb Code    92  main.o(i.hardware_work)
    main                                     0x08000fa9   Thumb Code    56  main.o(i.main)
    minute_tick                              0x08000fe5   Thumb Code    50  main.o(i.minute_tick)
    ms_10_work                               0x08001021   Thumb Code    68  main.o(i.ms_10_work)
    ms_200_work                              0x08001071   Thumb Code   112  main.o(i.ms_200_work)
    ms_tick                                  0x080010ed   Thumb Code   180  main.o(i.ms_tick)
    nvic_irq_enable                          0x080011b9   Thumb Code   190  at32f421_misc.o(i.nvic_irq_enable)
    open                                     0x08001281   Thumb Code    50  main.o(i.open)
    rele_off                                 0x080012b9   Thumb Code   110  main.o(i.rele_off)
    rele_tick                                0x08001331   Thumb Code   236  main.o(i.rele_tick)
    sec_30_work                              0x0800142d   Thumb Code    42  main.o(i.sec_30_work)
    sec_work                                 0x08001461   Thumb Code   254  main.o(i.sec_work)
    start_alarm                              0x08001575   Thumb Code    60  main.o(i.start_alarm)
    start_setup                              0x080015b9   Thumb Code    64  main.o(i.start_setup)
    start_tone                               0x08001615   Thumb Code    42  main.o(i.start_tone)
    stop_tone                                0x08001645   Thumb Code    38  main.o(i.stop_tone)
    switch_wm                                0x08001671   Thumb Code   106  main.o(i.switch_wm)
    timer_init                               0x080016e1   Thumb Code    76  main.o(i.timer_init)
    tmr_base_init                            0x08001731   Thumb Code    16  at32f421_tmr.o(i.tmr_base_init)
    tmr_channel_buffer_enable                0x08001741   Thumb Code    10  at32f421_tmr.o(i.tmr_channel_buffer_enable)
    tmr_counter_enable                       0x0800174b   Thumb Code    10  at32f421_tmr.o(i.tmr_counter_enable)
    tmr_period_value_set                     0x08001755   Thumb Code     4  at32f421_tmr.o(i.tmr_period_value_set)
    wdt_counter_reload                       0x08001759   Thumb Code    10  at32f421_wdt.o(i.wdt_counter_reload)
    wdt_divider_set                          0x08001769   Thumb Code    14  at32f421_wdt.o(i.wdt_divider_set)
    wdt_enable                               0x0800177d   Thumb Code    10  at32f421_wdt.o(i.wdt_enable)
    wdt_register_write_enable                0x0800178d   Thumb Code    20  at32f421_wdt.o(i.wdt_register_write_enable)
    zummer_switch                            0x080017a5   Thumb Code    36  main.o(i.zummer_switch)
    Region$$Table$$Base                      0x080017d0   Number         0  anon$$obj.o(Region$$Table)
    Region$$Table$$Limit                     0x080017f0   Number         0  anon$$obj.o(Region$$Table)
    BAD_WSP_VOLTAGE                          0x20000000   Data           2  main.o(.data)
    GOOD_WSP_VOLTAGE                         0x20000002   Data           2  main.o(.data)
    adc_result                               0x20000004   Data           2  main.o(.data)
    fun_result                               0x20000006   Data           1  main.o(.data)
    time_rotation                            0x2000000c   Data           4  main.o(.data)
    time_rele_power                          0x20000010   Data           4  main.o(.data)
    time_rele_control                        0x20000014   Data           4  main.o(.data)
    time_rele_gap                            0x20000018   Data           4  main.o(.data)
    tone_gap_millis                          0x20000020   Data           8  main.o(.data)
    sec_count                                0x20000028   Data           1  main.o(.data)
    time_melody                              0x20000029   Data           1  main.o(.data)
    time_moving_wait                         0x2000002a   Data           1  main.o(.data)
    millis                                   0x20000030   Data           8  main.o(.data)
    ms_tone_delay                            0x20000038   Data           4  main.o(.data)
    beep_short_count                         0x2000003c   Data           1  main.o(.data)
    beep_long_count                          0x2000003d   Data           1  main.o(.data)
    beep_double_count                        0x2000003e   Data           1  main.o(.data)
    __libspace_start                         0x20000064   Data          96  libspace.o(.bss)
    __temporary_stack_top$libspace           0x200000c4   Data           0  libspace.o(.bss)



==============================================================================

Memory Map of the image

  Image Entry point : 0x080000cd

  Load Region LR_IROM1 (Base: 0x08000000, Size: 0x00001854, Max: 0x00010000, ABSOLUTE)

    Execution Region ER_IROM1 (Exec base: 0x08000000, Load base: 0x08000000, Size: 0x000017f0, Max: 0x00010000, ABSOLUTE)

    Exec Addr    Load Addr    Size         Type   Attr      Idx    E Section Name        Object

    0x08000000   0x08000000   0x000000cc   Data   RO         1799    RESET               startup_at32f421.o
    0x080000cc   0x080000cc   0x00000008   Code   RO         1847  * !!!main             c_w.l(__main.o)
    0x080000d4   0x080000d4   0x00000034   Code   RO         2014    !!!scatter          c_w.l(__scatter.o)
    0x08000108   0x08000108   0x0000001a   Code   RO         2016    !!handler_copy      c_w.l(__scatter_copy.o)
    0x08000122   0x08000122   0x00000002   PAD
    0x08000124   0x08000124   0x0000001c   Code   RO         2018    !!handler_zi        c_w.l(__scatter_zi.o)
    0x08000140   0x08000140   0x00000002   Code   RO         1884    .ARM.Collect$$libinit$$00000000  c_w.l(libinit.o)
    0x08000142   0x08000142   0x00000000   Code   RO         1897    .ARM.Collect$$libinit$$00000002  c_w.l(libinit2.o)
    0x08000142   0x08000142   0x00000000   Code   RO         1899    .ARM.Collect$$libinit$$00000004  c_w.l(libinit2.o)
    0x08000142   0x08000142   0x00000000   Code   RO         1902    .ARM.Collect$$libinit$$0000000A  c_w.l(libinit2.o)
    0x08000142   0x08000142   0x00000000   Code   RO         1904    .ARM.Collect$$libinit$$0000000C  c_w.l(libinit2.o)
    0x08000142   0x08000142   0x00000000   Code   RO         1906    .ARM.Collect$$libinit$$0000000E  c_w.l(libinit2.o)
    0x08000142   0x08000142   0x00000000   Code   RO         1909    .ARM.Collect$$libinit$$00000011  c_w.l(libinit2.o)
    0x08000142   0x08000142   0x00000000   Code   RO         1911    .ARM.Collect$$libinit$$00000013  c_w.l(libinit2.o)
    0x08000142   0x08000142   0x00000000   Code   RO         1913    .ARM.Collect$$libinit$$00000015  c_w.l(libinit2.o)
    0x08000142   0x08000142   0x00000000   Code   RO         1915    .ARM.Collect$$libinit$$00000017  c_w.l(libinit2.o)
    0x08000142   0x08000142   0x00000000   Code   RO         1917    .ARM.Collect$$libinit$$00000019  c_w.l(libinit2.o)
    0x08000142   0x08000142   0x00000000   Code   RO         1919    .ARM.Collect$$libinit$$0000001B  c_w.l(libinit2.o)
    0x08000142   0x08000142   0x00000000   Code   RO         1921    .ARM.Collect$$libinit$$0000001D  c_w.l(libinit2.o)
    0x08000142   0x08000142   0x00000000   Code   RO         1923    .ARM.Collect$$libinit$$0000001F  c_w.l(libinit2.o)
    0x08000142   0x08000142   0x00000000   Code   RO         1925    .ARM.Collect$$libinit$$00000021  c_w.l(libinit2.o)
    0x08000142   0x08000142   0x00000000   Code   RO         1927    .ARM.Collect$$libinit$$00000023  c_w.l(libinit2.o)
    0x08000142   0x08000142   0x00000000   Code   RO         1929    .ARM.Collect$$libinit$$00000025  c_w.l(libinit2.o)
    0x08000142   0x08000142   0x00000000   Code   RO         1933    .ARM.Collect$$libinit$$0000002C  c_w.l(libinit2.o)
    0x08000142   0x08000142   0x00000000   Code   RO         1935    .ARM.Collect$$libinit$$0000002E  c_w.l(libinit2.o)
    0x08000142   0x08000142   0x00000000   Code   RO         1937    .ARM.Collect$$libinit$$00000030  c_w.l(libinit2.o)
    0x08000142   0x08000142   0x00000000   Code   RO         1939    .ARM.Collect$$libinit$$00000032  c_w.l(libinit2.o)
    0x08000142   0x08000142   0x00000002   Code   RO         1940    .ARM.Collect$$libinit$$00000033  c_w.l(libinit2.o)
    0x08000144   0x08000144   0x00000002   Code   RO         1971    .ARM.Collect$$libshutdown$$00000000  c_w.l(libshutdown.o)
    0x08000146   0x08000146   0x00000000   Code   RO         1997    .ARM.Collect$$libshutdown$$00000002  c_w.l(libshutdown2.o)
    0x08000146   0x08000146   0x00000000   Code   RO         1999    .ARM.Collect$$libshutdown$$00000004  c_w.l(libshutdown2.o)
    0x08000146   0x08000146   0x00000000   Code   RO         2002    .ARM.Collect$$libshutdown$$00000007  c_w.l(libshutdown2.o)
    0x08000146   0x08000146   0x00000000   Code   RO         2005    .ARM.Collect$$libshutdown$$0000000A  c_w.l(libshutdown2.o)
    0x08000146   0x08000146   0x00000000   Code   RO         2007    .ARM.Collect$$libshutdown$$0000000C  c_w.l(libshutdown2.o)
    0x08000146   0x08000146   0x00000000   Code   RO         2010    .ARM.Collect$$libshutdown$$0000000F  c_w.l(libshutdown2.o)
    0x08000146   0x08000146   0x00000002   Code   RO         2011    .ARM.Collect$$libshutdown$$00000010  c_w.l(libshutdown2.o)
    0x08000148   0x08000148   0x00000000   Code   RO         1849    .ARM.Collect$$rtentry$$00000000  c_w.l(__rtentry.o)
    0x08000148   0x08000148   0x00000000   Code   RO         1855    .ARM.Collect$$rtentry$$00000002  c_w.l(__rtentry2.o)
    0x08000148   0x08000148   0x00000006   Code   RO         1867    .ARM.Collect$$rtentry$$00000004  c_w.l(__rtentry4.o)
    0x0800014e   0x0800014e   0x00000000   Code   RO         1857    .ARM.Collect$$rtentry$$00000009  c_w.l(__rtentry2.o)
    0x0800014e   0x0800014e   0x00000004   Code   RO         1858    .ARM.Collect$$rtentry$$0000000A  c_w.l(__rtentry2.o)
    0x08000152   0x08000152   0x00000000   Code   RO         1860    .ARM.Collect$$rtentry$$0000000C  c_w.l(__rtentry2.o)
    0x08000152   0x08000152   0x00000008   Code   RO         1861    .ARM.Collect$$rtentry$$0000000D  c_w.l(__rtentry2.o)
    0x0800015a   0x0800015a   0x00000002   Code   RO         1888    .ARM.Collect$$rtexit$$00000000  c_w.l(rtexit.o)
    0x0800015c   0x0800015c   0x00000000   Code   RO         1944    .ARM.Collect$$rtexit$$00000002  c_w.l(rtexit2.o)
    0x0800015c   0x0800015c   0x00000004   Code   RO         1945    .ARM.Collect$$rtexit$$00000003  c_w.l(rtexit2.o)
    0x08000160   0x08000160   0x00000006   Code   RO         1946    .ARM.Collect$$rtexit$$00000004  c_w.l(rtexit2.o)
    0x08000166   0x08000166   0x00000002   PAD
    0x08000168   0x08000168   0x00000040   Code   RO         1800    .text               startup_at32f421.o
    0x080001a8   0x080001a8   0x00000006   Code   RO         1845    .text               c_w.l(heapauxi.o)
    0x080001ae   0x080001ae   0x0000004a   Code   RO         1871    .text               c_w.l(sys_stackheap_outer.o)
    0x080001f8   0x080001f8   0x00000012   Code   RO         1873    .text               c_w.l(exit.o)
    0x0800020a   0x0800020a   0x00000002   PAD
    0x0800020c   0x0800020c   0x00000008   Code   RO         1885    .text               c_w.l(libspace.o)
    0x08000214   0x08000214   0x0000000c   Code   RO         1941    .text               c_w.l(sys_exit.o)
    0x08000220   0x08000220   0x00000002   Code   RO         1960    .text               c_w.l(use_no_semi.o)
    0x08000222   0x08000222   0x00000000   Code   RO         1962    .text               c_w.l(indicate_semi.o)
    0x08000222   0x08000222   0x00000002   PAD
    0x08000224   0x08000224   0x0000004c   Code   RO            4    i.ADC1_CMP_IRQHandler  main.o
    0x08000270   0x08000270   0x0000000c   Code   RO            5    i.ADC_GetConversion  main.o
    0x0800027c   0x0800027c   0x0000000e   Code   RO            6    i.PIN_ALARM_STATE_SetLow  main.o
    0x0800028a   0x0800028a   0x00000002   PAD
    0x0800028c   0x0800028c   0x0000000c   Code   RO            7    i.PIN_FUN_STATE_GetValue  main.o
    0x08000298   0x08000298   0x0000000e   Code   RO            8    i.PIN_JUMP_STATE_GetValue  main.o
    0x080002a6   0x080002a6   0x00000002   PAD
    0x080002a8   0x080002a8   0x00000010   Code   RO            9    i.PIN_LED_SetLow    main.o
    0x080002b8   0x080002b8   0x0000000e   Code   RO           10    i.PIN_POWER_MEAS_SetHigh  main.o
    0x080002c6   0x080002c6   0x0000000e   Code   RO           11    i.PIN_POWER_MEAS_SetLow  main.o
    0x080002d4   0x080002d4   0x0000000e   Code   RO           12    i.PIN_RELE_CONTROL_SetLow  main.o
    0x080002e2   0x080002e2   0x0000000e   Code   RO           13    i.PIN_RELE_POWER_SetLow  main.o
    0x080002f0   0x080002f0   0x00000010   Code   RO           14    i.PIN_ZUMMER_SetLow  main.o
    0x08000300   0x08000300   0x0000006c   Code   RO         1807    i.SystemInit        system_at32f421.o
    0x0800036c   0x0800036c   0x00000040   Code   RO           15    i.TMR6_GLOBAL_IRQHandler  main.o
    0x080003ac   0x080003ac   0x0000002c   Code   RO          400    i.adc_base_config   at32f421_adc.o
    0x080003d8   0x080003d8   0x0000000e   Code   RO          401    i.adc_base_default_para_init  at32f421_adc.o
    0x080003e6   0x080003e6   0x0000000a   Code   RO          407    i.adc_enable        at32f421_adc.o
    0x080003f0   0x080003f0   0x00000016   Code   RO          410    i.adc_interrupt_enable  at32f421_adc.o
    0x08000406   0x08000406   0x00000194   Code   RO          411    i.adc_ordinary_channel_set  at32f421_adc.o
    0x0800059a   0x0800059a   0x00000008   Code   RO          412    i.adc_ordinary_conversion_data_get  at32f421_adc.o
    0x080005a2   0x080005a2   0x00000034   Code   RO          413    i.adc_ordinary_conversion_trigger_set  at32f421_adc.o
    0x080005d6   0x080005d6   0x00000002   PAD
    0x080005d8   0x080005d8   0x000000a0   Code   RO           16    i.autorotation_work  main.o
    0x08000678   0x08000678   0x0000001c   Code   RO           17    i.beep_double       main.o
    0x08000694   0x08000694   0x0000003c   Code   RO           18    i.beep_long         main.o
    0x080006d0   0x080006d0   0x00000038   Code   RO           19    i.beep_short        main.o
    0x08000708   0x08000708   0x00000020   Code   RO           20    i.clear_alarm       main.o
    0x08000728   0x08000728   0x00000038   Code   RO           21    i.close             main.o
    0x08000760   0x08000760   0x00000014   Code   RO          614    i.crm_ahb_div_set   at32f421_crm.o
    0x08000774   0x08000774   0x00000060   Code   RO          622    i.crm_clock_source_enable  at32f421_crm.o
    0x080007d4   0x080007d4   0x00000014   Code   RO          632    i.crm_hick_divider_select  at32f421_crm.o
    0x080007e8   0x080007e8   0x0000001c   Code   RO          633    i.crm_hick_sclk_frequency_select  at32f421_crm.o
    0x08000804   0x08000804   0x00000044   Code   RO          636    i.crm_periph_clock_enable  at32f421_crm.o
    0x08000848   0x08000848   0x000000a4   Code   RO           22    i.fun_work          main.o
    0x080008ec   0x080008ec   0x000000d4   Code   RO           23    i.get_fun           main.o
    0x080009c0   0x080009c0   0x0000009c   Code   RO           24    i.get_jump          main.o
    0x08000a5c   0x08000a5c   0x0000009c   Code   RO           25    i.get_wsp           main.o
    0x08000af8   0x08000af8   0x00000088   Code   RO           26    i.go_close          main.o
    0x08000b80   0x08000b80   0x00000058   Code   RO           27    i.go_close_alt      main.o
    0x08000bd8   0x08000bd8   0x00000080   Code   RO           28    i.go_close_short    main.o
    0x08000c58   0x08000c58   0x00000070   Code   RO           29    i.go_open           main.o
    0x08000cc8   0x08000cc8   0x00000048   Code   RO           30    i.go_open_alt       main.o
    0x08000d10   0x08000d10   0x00000004   Code   RO         1154    i.gpio_bits_reset   at32f421_gpio.o
    0x08000d14   0x08000d14   0x00000004   Code   RO         1155    i.gpio_bits_set     at32f421_gpio.o
    0x08000d18   0x08000d18   0x0000000a   Code   RO         1156    i.gpio_bits_write   at32f421_gpio.o
    0x08000d22   0x08000d22   0x0000007a   Code   RO         1158    i.gpio_init         at32f421_gpio.o
    0x08000d9c   0x08000d9c   0x00000012   Code   RO         1159    i.gpio_input_data_bit_read  at32f421_gpio.o
    0x08000dae   0x08000dae   0x00000030   Code   RO           31    i.gpio_set          main.o
    0x08000dde   0x08000dde   0x00000002   PAD
    0x08000de0   0x08000de0   0x00000164   Code   RO           32    i.hardware_init     main.o
    0x08000f44   0x08000f44   0x00000064   Code   RO           33    i.hardware_work     main.o
    0x08000fa8   0x08000fa8   0x0000003c   Code   RO           34    i.main              main.o
    0x08000fe4   0x08000fe4   0x0000003c   Code   RO           35    i.minute_tick       main.o
    0x08001020   0x08001020   0x00000050   Code   RO           36    i.ms_10_work        main.o
    0x08001070   0x08001070   0x0000007c   Code   RO           37    i.ms_200_work       main.o
    0x080010ec   0x080010ec   0x000000cc   Code   RO           38    i.ms_tick           main.o
    0x080011b8   0x080011b8   0x000000c8   Code   RO         1257    i.nvic_irq_enable   at32f421_misc.o
    0x08001280   0x08001280   0x00000038   Code   RO           39    i.open              main.o
    0x080012b8   0x080012b8   0x00000078   Code   RO           40    i.rele_off          main.o
    0x08001330   0x08001330   0x000000fc   Code   RO           41    i.rele_tick         main.o
    0x0800142c   0x0800142c   0x00000034   Code   RO           42    i.sec_30_work       main.o
    0x08001460   0x08001460   0x00000114   Code   RO           43    i.sec_work          main.o
    0x08001574   0x08001574   0x00000044   Code   RO           44    i.start_alarm       main.o
    0x080015b8   0x080015b8   0x0000005c   Code   RO           45    i.start_setup       main.o
    0x08001614   0x08001614   0x00000030   Code   RO           46    i.start_tone        main.o
    0x08001644   0x08001644   0x0000002c   Code   RO           47    i.stop_tone         main.o
    0x08001670   0x08001670   0x00000070   Code   RO           48    i.switch_wm         main.o
    0x080016e0   0x080016e0   0x00000050   Code   RO           49    i.timer_init        main.o
    0x08001730   0x08001730   0x00000010   Code   RO         1398    i.tmr_base_init     at32f421_tmr.o
    0x08001740   0x08001740   0x0000000a   Code   RO         1402    i.tmr_channel_buffer_enable  at32f421_tmr.o
    0x0800174a   0x0800174a   0x0000000a   Code   RO         1409    i.tmr_counter_enable  at32f421_tmr.o
    0x08001754   0x08001754   0x00000004   Code   RO         1445    i.tmr_period_value_set  at32f421_tmr.o
    0x08001758   0x08001758   0x00000010   Code   RO         1746    i.wdt_counter_reload  at32f421_wdt.o
    0x08001768   0x08001768   0x00000014   Code   RO         1747    i.wdt_divider_set   at32f421_wdt.o
    0x0800177c   0x0800177c   0x00000010   Code   RO         1748    i.wdt_enable        at32f421_wdt.o
    0x0800178c   0x0800178c   0x00000018   Code   RO         1750    i.wdt_register_write_enable  at32f421_wdt.o
    0x080017a4   0x080017a4   0x0000002c   Code   RO           50    i.zummer_switch     main.o
    0x080017d0   0x080017d0   0x00000020   Data   RO         2012    Region$$Table       anon$$obj.o


    Execution Region RW_IRAM1 (Exec base: 0x20000000, Load base: 0x080017f0, Size: 0x000006c8, Max: 0x00004000, ABSOLUTE)

    Exec Addr    Load Addr    Size         Type   Attr      Idx    E Section Name        Object

    0x20000000   0x080017f0   0x00000064   Data   RW           52    .data               main.o
    0x20000064        -       0x00000060   Zero   RW         1886    .bss                c_w.l(libspace.o)
    0x200000c4   0x08001854   0x00000004   PAD
    0x200000c8        -       0x00000200   Zero   RW         1798    HEAP                startup_at32f421.o
    0x200002c8        -       0x00000400   Zero   RW         1797    STACK               startup_at32f421.o


==============================================================================

Image component sizes


      Code (inc. data)   RO Data    RW Data    ZI Data      Debug   Object Name

       554         36          0          0          0       4519   at32f421_adc.o
       232         34          0          0          0       2677   at32f421_crm.o
       158          0          0          0          0       3191   at32f421_gpio.o
       200         10          0          0          0      31225   at32f421_misc.o
        40          0          0          0          0       2496   at32f421_tmr.o
        76         22          0          0          0       1892   at32f421_wdt.o
      4172        430          0        100          0      64849   main.o
        64         26        204          0       1536        808   startup_at32f421.o
       108         12          0          0          0        489   system_at32f421.o

    ----------------------------------------------------------------------
      5612        570        236        100       1536     112146   Object Totals
         0          0         32          0          0          0   (incl. Generated)
         8          0          0          0          0          0   (incl. Padding)

    ----------------------------------------------------------------------

      Code (inc. data)   RO Data    RW Data    ZI Data      Debug   Library Member Name

         8          0          0          0          0         68   __main.o
         0          0          0          0          0          0   __rtentry.o
        12          0          0          0          0          0   __rtentry2.o
         6          0          0          0          0          0   __rtentry4.o
        52          8          0          0          0          0   __scatter.o
        26          0          0          0          0          0   __scatter_copy.o
        28          0          0          0          0          0   __scatter_zi.o
        18          0          0          0          0         80   exit.o
         6          0          0          0          0        152   heapauxi.o
         0          0          0          0          0          0   indicate_semi.o
         2          0          0          0          0          0   libinit.o
         2          0          0          0          0          0   libinit2.o
         2          0          0          0          0          0   libshutdown.o
         2          0          0          0          0          0   libshutdown2.o
         8          4          0          0         96         68   libspace.o
         2          0          0          0          0          0   rtexit.o
        10          0          0          0          0          0   rtexit2.o
        12          4          0          0          0         68   sys_exit.o
        74          0          0          0          0         80   sys_stackheap_outer.o
         2          0          0          0          0         68   use_no_semi.o

    ----------------------------------------------------------------------
       280         16          0          0        100        584   Library Totals
         8          0          0          0          4          0   (incl. Padding)

    ----------------------------------------------------------------------

      Code (inc. data)   RO Data    RW Data    ZI Data      Debug   Library Name

       272         16          0          0         96        584   c_w.l

    ----------------------------------------------------------------------
       280         16          0          0        100        584   Library Totals

    ----------------------------------------------------------------------

==============================================================================


      Code (inc. data)   RO Data    RW Data    ZI Data      Debug   

      5892        586        236        100       1636     108930   Grand Totals
      5892        586        236        100       1636     108930   ELF Image Totals
      5892        586        236        100          0          0   ROM Totals

==============================================================================

    Total RO  Size (Code + RO Data)                 6128 (   5.98kB)
    Total RW  Size (RW Data + ZI Data)              1736 (   1.70kB)
    Total ROM Size (Code + RO Data + RW Data)       6228 (   6.08kB)

==============================================================================

